Component: ARM Compiler 5.06 update 7 (build 960) Tool: armlink [4d3601]

==============================================================================

Section Cross References

    startup_stm32f405xx.o(STACK) refers (Special) to heapauxi.o(.text) for __use_two_region_memory
    startup_stm32f405xx.o(HEAP) refers (Special) to heapauxi.o(.text) for __use_two_region_memory
    startup_stm32f405xx.o(RESET) refers (Special) to heapauxi.o(.text) for __use_two_region_memory
    startup_stm32f405xx.o(RESET) refers to startup_stm32f405xx.o(STACK) for __initial_sp
    startup_stm32f405xx.o(RESET) refers to startup_stm32f405xx.o(.text) for Reset_Handler
    startup_stm32f405xx.o(RESET) refers to stm32f4xx_it.o(i.NMI_Handler) for NMI_Handler
    startup_stm32f405xx.o(RESET) refers to stm32f4xx_it.o(i.HardFault_Handler) for HardFault_Handler
    startup_stm32f405xx.o(RESET) refers to stm32f4xx_it.o(i.MemManage_Handler) for MemManage_Handler
    startup_stm32f405xx.o(RESET) refers to stm32f4xx_it.o(i.BusFault_Handler) for BusFault_Handler
    startup_stm32f405xx.o(RESET) refers to stm32f4xx_it.o(i.UsageFault_Handler) for UsageFault_Handler
    startup_stm32f405xx.o(RESET) refers to port.o(.emb_text) for SVC_Handler
    startup_stm32f405xx.o(RESET) refers to stm32f4xx_it.o(i.DebugMon_Handler) for DebugMon_Handler
    startup_stm32f405xx.o(RESET) refers to cmsis_os2.o(i.SysTick_Handler) for SysTick_Handler
    startup_stm32f405xx.o(RESET) refers to stm32f4xx_it.o(i.USART1_IRQHandler) for USART1_IRQHandler
    startup_stm32f405xx.o(RESET) refers to stm32f4xx_it.o(i.TIM8_TRG_COM_TIM14_IRQHandler) for TIM8_TRG_COM_TIM14_IRQHandler
    startup_stm32f405xx.o(RESET) refers to stm32f4xx_it.o(i.DMA2_Stream2_IRQHandler) for DMA2_Stream2_IRQHandler
    startup_stm32f405xx.o(RESET) refers to stm32f4xx_it.o(i.DMA2_Stream7_IRQHandler) for DMA2_Stream7_IRQHandler
    startup_stm32f405xx.o(.text) refers (Special) to heapauxi.o(.text) for __use_two_region_memory
    startup_stm32f405xx.o(.text) refers to system_stm32f4xx.o(i.SystemInit) for SystemInit
    startup_stm32f405xx.o(.text) refers to __main.o(!!!main) for __main
    startup_stm32f405xx.o(.text) refers to startup_stm32f405xx.o(HEAP) for Heap_Mem
    startup_stm32f405xx.o(.text) refers to startup_stm32f405xx.o(STACK) for Stack_Mem
    main.o(i.HAL_TIM_PeriodElapsedCallback) refers to stm32f4xx_hal.o(i.HAL_IncTick) for HAL_IncTick
    main.o(i.SystemClock_Config) refers to rt_memclr_w.o(.text) for __aeabi_memclr4
    main.o(i.SystemClock_Config) refers to stm32f4xx_hal_rcc.o(i.HAL_RCC_OscConfig) for HAL_RCC_OscConfig
    main.o(i.SystemClock_Config) refers to main.o(i.Error_Handler) for Error_Handler
    main.o(i.SystemClock_Config) refers to stm32f4xx_hal_rcc.o(i.HAL_RCC_ClockConfig) for HAL_RCC_ClockConfig
    main.o(i.main) refers to stm32f4xx_hal.o(i.HAL_Init) for HAL_Init
    main.o(i.main) refers to main.o(i.SystemClock_Config) for SystemClock_Config
    main.o(i.main) refers to gpio.o(i.MX_GPIO_Init) for MX_GPIO_Init
    main.o(i.main) refers to dma.o(i.MX_DMA_Init) for MX_DMA_Init
    main.o(i.main) refers to tim.o(i.MX_TIM3_Init) for MX_TIM3_Init
    main.o(i.main) refers to tim.o(i.MX_TIM5_Init) for MX_TIM5_Init
    main.o(i.main) refers to usart.o(i.MX_USART1_UART_Init) for MX_USART1_UART_Init
    main.o(i.main) refers to motorcontrl.o(i.Motor_init) for Motor_init
    main.o(i.main) refers to cmsis_os2.o(i.osKernelInitialize) for osKernelInitialize
    main.o(i.main) refers to freertos.o(i.MX_FREERTOS_Init) for MX_FREERTOS_Init
    main.o(i.main) refers to cmsis_os2.o(i.osKernelStart) for osKernelStart
    gpio.o(i.MX_GPIO_Init) refers to rt_memclr_w.o(.text) for __aeabi_memclr4
    gpio.o(i.MX_GPIO_Init) refers to stm32f4xx_hal_gpio.o(i.HAL_GPIO_WritePin) for HAL_GPIO_WritePin
    gpio.o(i.MX_GPIO_Init) refers to stm32f4xx_hal_gpio.o(i.HAL_GPIO_Init) for HAL_GPIO_Init
    freertos.o(i.MX_FREERTOS_Init) refers to cmsis_os2.o(i.osThreadNew) for osThreadNew
    freertos.o(i.MX_FREERTOS_Init) refers to freertos.o(.constdata) for defaultTask_attributes
    freertos.o(i.MX_FREERTOS_Init) refers to freertos.o(i.StartDefaultTask) for StartDefaultTask
    freertos.o(i.MX_FREERTOS_Init) refers to freertos.o(.data) for defaultTaskHandle
    freertos.o(i.MX_FREERTOS_Init) refers to freertos.o(i.motor_move_entry) for motor_move_entry
    freertos.o(i.MX_FREERTOS_Init) refers to freertos.o(i.remote_control_entry) for remote_control_entry
    freertos.o(i.StartDefaultTask) refers to cmsis_os2.o(i.osDelay) for osDelay
    freertos.o(i.motor_move_entry) refers to motorcontrl.o(i.Motor_contrl) for Motor_contrl
    freertos.o(i.motor_move_entry) refers to cmsis_os2.o(i.osDelay) for osDelay
    freertos.o(i.motor_move_entry) refers to freertos.o(.data) for table_state
    freertos.o(i.remote_control_entry) refers to ax_ps2.o(i.parse_joystick_data) for parse_joystick_data
    freertos.o(i.remote_control_entry) refers to rt_memclr.o(.text) for __aeabi_memclr
[...]
    i.osDelay                                0x08003674   Section        0  cmsis_os2.o(i.osDelay)
    i.osKernelInitialize                     0x08003694   Section        0  cmsis_os2.o(i.osKernelInitialize)
    i.osKernelStart                          0x080036c0   Section        0  cmsis_os2.o(i.osKernelStart)
    i.osThreadNew                            0x08003720   Section        0  cmsis_os2.o(i.osThreadNew)
    i.parse_joystick_data                    0x080037d8   Section        0  ax_ps2.o(i.parse_joystick_data)
    i.prvAddCurrentTaskToDelayedList         0x08003838   Section        0  tasks.o(i.prvAddCurrentTaskToDelayedList)
    prvAddCurrentTaskToDelayedList           0x08003839   Thumb Code   100  tasks.o(i.prvAddCurrentTaskToDelayedList)
    i.prvAddNewTaskToReadyList               0x080038b4   Section        0  tasks.o(i.prvAddNewTaskToReadyList)
    prvAddNewTaskToReadyList                 0x080038b5   Thumb Code   154  tasks.o(i.prvAddNewTaskToReadyList)
    i.prvCheckForValidListAndQueue           0x0800396c   Section        0  timers.o(i.prvCheckForValidListAndQueue)
    prvCheckForValidListAndQueue             0x0800396d   Thumb Code    78  timers.o(i.prvCheckForValidListAndQueue)
    i.prvCheckTasksWaitingTermination        0x080039e0   Section        0  tasks.o(i.prvCheckTasksWaitingTermination)
    prvCheckTasksWaitingTermination          0x080039e1   Thumb Code    60  tasks.o(i.prvCheckTasksWaitingTermination)
    i.prvCopyDataFromQueue                   0x08003a28   Section        0  queue.o(i.prvCopyDataFromQueue)
    prvCopyDataFromQueue                     0x08003a29   Thumb Code    42  queue.o(i.prvCopyDataFromQueue)
    i.prvCopyDataToQueue                     0x08003a52   Section        0  queue.o(i.prvCopyDataToQueue)
    prvCopyDataToQueue                       0x08003a53   Thumb Code   126  queue.o(i.prvCopyDataToQueue)
    i.prvDeleteTCB                           0x08003ad0   Section        0  tasks.o(i.prvDeleteTCB)
    prvDeleteTCB                             0x08003ad1   Thumb Code    80  tasks.o(i.prvDeleteTCB)
    i.prvGetNextExpireTime                   0x08003b20   Section        0  timers.o(i.prvGetNextExpireTime)
    prvGetNextExpireTime                     0x08003b21   Thumb Code    36  timers.o(i.prvGetNextExpireTime)
    i.prvHeapInit                            0x08003b48   Section        0  heap_4.o(i.prvHeapInit)
    prvHeapInit                              0x08003b49   Thumb Code    98  heap_4.o(i.prvHeapInit)
    i.prvIdleTask                            0x08003bc4   Section        0  tasks.o(i.prvIdleTask)
    prvIdleTask                              0x08003bc5   Thumb Code    32  tasks.o(i.prvIdleTask)
    i.prvInitialiseNewQueue                  0x08003bec   Section        0  queue.o(i.prvInitialiseNewQueue)
    prvInitialiseNewQueue                    0x08003bed   Thumb Code    42  queue.o(i.prvInitialiseNewQueue)
    i.prvInitialiseNewTask                   0x08003c16   Section        0  tasks.o(i.prvInitialiseNewTask)
    prvInitialiseNewTask                     0x08003c17   Thumb Code   190  tasks.o(i.prvInitialiseNewTask)
    i.prvInitialiseTaskLists                 0x08003cd4   Section        0  tasks.o(i.prvInitialiseTaskLists)
    prvInitialiseTaskLists                   0x08003cd5   Thumb Code    70  tasks.o(i.prvInitialiseTaskLists)
    i.prvInsertBlockIntoFreeList             0x08003d3c   Section        0  heap_4.o(i.prvInsertBlockIntoFreeList)
    prvInsertBlockIntoFreeList               0x08003d3d   Thumb Code    96  heap_4.o(i.prvInsertBlockIntoFreeList)
    i.prvInsertTimerInActiveList             0x08003da4   Section        0  timers.o(i.prvInsertTimerInActiveList)
    prvInsertTimerInActiveList               0x08003da5   Thumb Code    80  timers.o(i.prvInsertTimerInActiveList)
    i.prvIsQueueEmpty                        0x08003dfc   Section        0  queue.o(i.prvIsQueueEmpty)
    prvIsQueueEmpty                          0x08003dfd   Thumb Code    26  queue.o(i.prvIsQueueEmpty)
    i.prvIsQueueFull                         0x08003e16   Section        0  queue.o(i.prvIsQueueFull)
    prvIsQueueFull                           0x08003e17   Thumb Code    30  queue.o(i.prvIsQueueFull)
    i.prvProcessExpiredTimer                 0x08003e34   Section        0  timers.o(i.prvProcessExpiredTimer)
    prvProcessExpiredTimer                   0x08003e35   Thumb Code   110  timers.o(i.prvProcessExpiredTimer)
    i.prvProcessReceivedCommands             0x08003ea8   Section        0  timers.o(i.prvProcessReceivedCommands)
    prvProcessReceivedCommands               0x08003ea9   Thumb Code   350  timers.o(i.prvProcessReceivedCommands)
    i.prvProcessTimerOrBlockTask             0x0800400c   Section        0  timers.o(i.prvProcessTimerOrBlockTask)
    prvProcessTimerOrBlockTask               0x0800400d   Thumb Code   102  timers.o(i.prvProcessTimerOrBlockTask)
    i.prvResetNextTaskUnblockTime            0x08004080   Section        0  tasks.o(i.prvResetNextTaskUnblockTime)
    prvResetNextTaskUnblockTime              0x08004081   Thumb Code    42  tasks.o(i.prvResetNextTaskUnblockTime)
    i.prvSampleTimeNow                       0x080040b4   Section        0  timers.o(i.prvSampleTimeNow)
    prvSampleTimeNow                         0x080040b5   Thumb Code    40  timers.o(i.prvSampleTimeNow)
    i.prvSwitchTimerLists                    0x080040e0   Section        0  timers.o(i.prvSwitchTimerLists)
    prvSwitchTimerLists                      0x080040e1   Thumb Code   154  timers.o(i.prvSwitchTimerLists)
    i.prvTaskExitError                       0x08004184   Section        0  port.o(i.prvTaskExitError)
    prvTaskExitError                         0x08004185   Thumb Code    60  port.o(i.prvTaskExitError)
    i.prvTimerTask                           0x080041c4   Section        0  timers.o(i.prvTimerTask)
    prvTimerTask                             0x080041c5   Thumb Code    26  timers.o(i.prvTimerTask)
    i.prvUnlockQueue                         0x080041de   Section        0  queue.o(i.prvUnlockQueue)
    prvUnlockQueue                           0x080041df   Thumb Code   126  queue.o(i.prvUnlockQueue)
    i.pvPortMalloc                           0x0800425c   Section        0  heap_4.o(i.pvPortMalloc)
    i.pxPortInitialiseStack                  0x080043a8   Section        0  port.o(i.pxPortInitialiseStack)
    i.remote_control_entry                   0x080043d4   Section        0  freertos.o(i.remote_control_entry)
    i.uxListRemove                           0x08004418   Section        0  list.o(i.uxListRemove)
    i.vApplicationGetIdleTaskMemory          0x08004440   Section        0  cmsis_os2.o(i.vApplicationGetIdleTaskMemory)
    i.vApplicationGetTimerTaskMemory         0x08004458   Section        0  cmsis_os2.o(i.vApplicationGetTimerTaskMemory)
    i.vListInitialise                        0x08004470   Section        0  list.o(i.vListInitialise)
    i.vListInitialiseItem                    0x0800448a   Section        0  list.o(i.vListInitialiseItem)
    i.vListInsert                            0x08004490   Section        0  list.o(i.vListInsert)
    i.vListInsertEnd                         0x080044c4   Section        0  list.o(i.vListInsertEnd)
    i.vPortEnterCritical                     0x080044dc   Section        0  port.o(i.vPortEnterCritical)
    i.vPortExitCritical                      0x08004530   Section        0  port.o(i.vPortExitCritical)
    i.vPortFree                              0x0800456c   Section        0  heap_4.o(i.vPortFree)
    i.vPortSetupTimerInterrupt               0x08004610   Section        0  port.o(i.vPortSetupTimerInterrupt)
    i.vPortValidateInterruptPriority         0x08004638   Section        0  port.o(i.vPortValidateInterruptPriority)
    i.vQueueAddToRegistry                    0x080046b0   Section        0  queue.o(i.vQueueAddToRegistry)
    i.vQueueWaitForMessageRestricted         0x080046dc   Section        0  queue.o(i.vQueueWaitForMessageRestricted)
    i.vTaskDelay                             0x08004728   Section        0  tasks.o(i.vTaskDelay)
    i.vTaskInternalSetTimeOutState           0x08004784   Section        0  tasks.o(i.vTaskInternalSetTimeOutState)
    i.vTaskMissedYield                       0x0800479c   Section        0  tasks.o(i.vTaskMissedYield)
    i.vTaskPlaceOnEventList                  0x080047a8   Section        0  tasks.o(i.vTaskPlaceOnEventList)
    i.vTaskPlaceOnEventListRestricted        0x080047e0   Section        0  tasks.o(i.vTaskPlaceOnEventListRestricted)
    i.vTaskStartScheduler                    0x08004820   Section        0  tasks.o(i.vTaskStartScheduler)
    i.vTaskSuspendAll                        0x080048d8   Section        0  tasks.o(i.vTaskSuspendAll)
    i.vTaskSwitchContext                     0x080048e8   Section        0  tasks.o(i.vTaskSwitchContext)
    i.xPortStartScheduler                    0x08004978   Section        0  port.o(i.xPortStartScheduler)
    i.xPortSysTickHandler                    0x08004ae0   Section        0  port.o(i.xPortSysTickHandler)
    i.xQueueGenericCreateStatic              0x08004b14   Section        0  queue.o(i.xQueueGenericCreateStatic)
    i.xQueueGenericReset                     0x08004bf4   Section        0  queue.o(i.xQueueGenericReset)
    i.xQueueGenericSend                      0x08004c8c   Section        0  queue.o(i.xQueueGenericSend)
    i.xQueueGenericSendFromISR               0x08004e34   Section        0  queue.o(i.xQueueGenericSendFromISR)
    i.xQueueReceive                          0x08004f30   Section        0  queue.o(i.xQueueReceive)
    i.xTaskCheckForTimeOut                   0x08005098   Section        0  tasks.o(i.xTaskCheckForTimeOut)
    i.xTaskCreate                            0x08005124   Section        0  tasks.o(i.xTaskCreate)
    i.xTaskCreateStatic                      0x08005188   Section        0  tasks.o(i.xTaskCreateStatic)
    i.xTaskGetSchedulerState                 0x08005244   Section        0  tasks.o(i.xTaskGetSchedulerState)
    i.xTaskGetTickCount                      0x08005264   Section        0  tasks.o(i.xTaskGetTickCount)
    i.xTaskIncrementTick                     0x08005270   Section        0  tasks.o(i.xTaskIncrementTick)
    i.xTaskPriorityDisinherit                0x080053b4   Section        0  tasks.o(i.xTaskPriorityDisinherit)
    i.xTaskRemoveFromEventList               0x08005458   Section        0  tasks.o(i.xTaskRemoveFromEventList)
    i.xTaskResumeAll                         0x080054f0   Section        0  tasks.o(i.xTaskResumeAll)
    i.xTimerCreateTimerTask                  0x080055f4   Section        0  timers.o(i.xTimerCreateTimerTask)
    i.xTimerGenericCommand                   0x0800566c   Section        0  timers.o(i.xTimerGenericCommand)
    x$fpl$fpinit                             0x080056f0   Section       10  fpinit.o(x$fpl$fpinit)
    $v0                                      0x080056f0   Number         0  fpinit.o(x$fpl$fpinit)
    .constdata                               0x080056fc   Section      108  freertos.o(.constdata)
    .constdata                               0x08005768   Section        8  stm32f4xx_hal_dma.o(.constdata)
    flagBitshiftOffset                       0x08005768   Data           8  stm32f4xx_hal_dma.o(.constdata)
    .constdata                               0x08005770   Section       24  system_stm32f4xx.o(.constdata)
    .constdata                               0x08005788   Section       36  motorcontrl.o(.constdata)
    .conststring                             0x080057ac   Section       39  freertos.o(.conststring)
    .data                                    0x20000000   Section       20  freertos.o(.data)
    table_state                              0x20000000   Data           7  freertos.o(.data)
    .data                                    0x20000014   Section        3  usart.o(.data)
    .data                                    0x20000018   Section        9  stm32f4xx_hal.o(.data)
    .data                                    0x20000024   Section        4  system_stm32f4xx.o(.data)
    .data                                    0x20000028   Section       60  tasks.o(.data)
    pxDelayedTaskList                        0x2000002c   Data           4  tasks.o(.data)
    pxOverflowDelayedTaskList                0x20000030   Data           4  tasks.o(.data)
    uxDeletedTasksWaitingCleanUp             0x20000034   Data           4  tasks.o(.data)
    uxCurrentNumberOfTasks                   0x20000038   Data           4  tasks.o(.data)
    xTickCount                               0x2000003c   Data           4  tasks.o(.data)
    uxTopReadyPriority                       0x20000040   Data           4  tasks.o(.data)
    xSchedulerRunning                        0x20000044   Data           4  tasks.o(.data)
    xPendedTicks                             0x20000048   Data           4  tasks.o(.data)
    xYieldPending                            0x2000004c   Data           4  tasks.o(.data)
    xNumOfOverflows                          0x20000050   Data           4  tasks.o(.data)
    uxTaskNumber                             0x20000054   Data           4  tasks.o(.data)
    xNextTaskUnblockTime                     0x20000058   Data           4  tasks.o(.data)
    xIdleTaskHandle                          0x2000005c   Data           4  tasks.o(.data)
    uxSchedulerSuspended                     0x20000060   Data           4  tasks.o(.data)
    .data                                    0x20000064   Section       20  timers.o(.data)
    pxCurrentTimerList                       0x20000064   Data           4  timers.o(.data)
    pxOverflowTimerList                      0x20000068   Data           4  timers.o(.data)
    xTimerQueue                              0x2000006c   Data           4  timers.o(.data)
    xTimerTaskHandle                         0x20000070   Data           4  timers.o(.data)
    xLastTime                                0x20000074   Data           4  timers.o(.data)
    .data                                    0x20000078   Section        4  cmsis_os2.o(.data)
    KernelState                              0x20000078   Data           4  cmsis_os2.o(.data)
    .data                                    0x2000007c   Section       32  heap_4.o(.data)
    xStart                                   0x2000007c   Data           8  heap_4.o(.data)
    pxEnd                                    0x20000084   Data           4  heap_4.o(.data)
    xFreeBytesRemaining                      0x20000088   Data           4  heap_4.o(.data)
    xMinimumEverFreeBytesRemaining           0x2000008c   Data           4  heap_4.o(.data)
    xNumberOfSuccessfulAllocations           0x20000090   Data           4  heap_4.o(.data)
    xNumberOfSuccessfulFrees                 0x20000094   Data           4  heap_4.o(.data)
    xBlockAllocatedBit                       0x20000098   Data           4  heap_4.o(.data)
    .data                                    0x2000009c   Section       12  port.o(.data)
    uxCriticalNesting                        0x2000009c   Data           4  port.o(.data)
    ucMaxSysCallPriority                     0x200000a0   Data           1  port.o(.data)
    ulMaxPRIGROUPValue                       0x200000a4   Data           4  port.o(.data)
    .bss                                     0x200000a8   Section      144  tim.o(.bss)
    .bss                                     0x20000138   Section      328  usart.o(.bss)
    .bss                                     0x20000280   Section       72  stm32f4xx_hal_timebase_tim.o(.bss)
    .bss                                     0x200002c8   Section       64  queue.o(.bss)
    .bss                                     0x20000308   Section     1220  tasks.o(.bss)
    pxReadyTasksLists                        0x20000308   Data        1120  tasks.o(.bss)
    xDelayedTaskList1                        0x20000768   Data          20  tasks.o(.bss)
    xDelayedTaskList2                        0x2000077c   Data          20  tasks.o(.bss)
    xPendingReadyList                        0x20000790   Data          20  tasks.o(.bss)
    xTasksWaitingTermination                 0x200007a4   Data          20  tasks.o(.bss)
    xSuspendedTaskList                       0x200007b8   Data          20  tasks.o(.bss)
    .bss                                     0x200007cc   Section      280  timers.o(.bss)
    xActiveTimerList1                        0x200007cc   Data          20  timers.o(.bss)
    xActiveTimerList2                        0x200007e0   Data          20  timers.o(.bss)
    xStaticTimerQueue                        0x200007f4   Data          80  timers.o(.bss)
    ucStaticTimerQueueStorage                0x20000844   Data         160  timers.o(.bss)
    .bss                                     0x200008e4   Section     1720  cmsis_os2.o(.bss)
    Idle_TCB                                 0x200008e4   Data          92  cmsis_os2.o(.bss)
    Idle_Stack                               0x20000940   Data         512  cmsis_os2.o(.bss)
    Timer_TCB                                0x20000b40   Data          92  cmsis_os2.o(.bss)
    Timer_Stack                              0x20000b9c   Data        1024  cmsis_os2.o(.bss)
    .bss                                     0x20000f9c   Section    15360  heap_4.o(.bss)
    ucHeap                                   0x20000f9c   Data       15360  heap_4.o(.bss)
    .bss                                     0x20004b9c   Section       60  motorcontrl.o(.bss)
    .bss                                     0x20004bd8   Section       96  libspace.o(.bss)
    HEAP                                     0x20004c38   Section      512  startup_stm32f405xx.o(HEAP)
    Heap_Mem                                 0x20004c38   Data         512  startup_stm32f405xx.o(HEAP)
    STACK                                    0x20004e38   Section     1024  startup_stm32f405xx.o(STACK)
    Stack_Mem                                0x20004e38   Data        1024  startup_stm32f405xx.o(STACK)
    __initial_sp                             0x20005238   Data           0  startup_stm32f405xx.o(STACK)

    Global Symbols

    Symbol Name                              Value     Ov Type        Size  Object(Section)

    BuildAttributes$$THM_ISAv4$E$P$D$K$B$S$7EM$VFPi3$EXTD16$VFPS$VFMA$PE$A:L22UL41UL21$X:L11$S22US41US21$IEEE1$IW$USESV6$~STKCKD$USESV7$~SHL$OSPACE$ROPI$EBA8$UX$STANDARDLIB$REQ8$PRES8$EABIv2 0x00000000   Number         0  anon$$obj.o ABSOLUTE
    __ARM_use_no_argv                        0x00000000   Number         0  main.o ABSOLUTE
    __ARM_exceptions_init                     - Undefined Weak Reference
    __alloca_initialize                       - Undefined Weak Reference
    __arm_fini_                               - Undefined Weak Reference
    __arm_preinit_                            - Undefined Weak Reference
    __cpp_initialize__aeabi_                  - Undefined Weak Reference
    __cxa_finalize                            - Undefined Weak Reference
    __rt_locale                               - Undefined Weak Reference
    __sigvec_lookup                           - Undefined Weak Reference
    _atexit_init                              - Undefined Weak Reference
    _call_atexit_fns                          - Undefined Weak Reference
    _clock_init                               - Undefined Weak Reference
    _fp_trap_init                             - Undefined Weak Reference
    _fp_trap_shutdown                         - Undefined Weak Reference
    _get_lc_collate                           - Undefined Weak Reference
    _get_lc_ctype                             - Undefined Weak Reference
    _get_lc_monetary                          - Undefined Weak Reference
    _get_lc_numeric                           - Undefined Weak Reference
    _get_lc_time                              - Undefined Weak Reference
    _getenv_init                              - Undefined Weak Reference
    _handle_redirection                       - Undefined Weak Reference
    _init_alloc                               - Undefined Weak Reference
    _init_user_alloc                          - Undefined Weak Reference
    _initio                                   - Undefined Weak Reference
    _rand_init                                - Undefined Weak Reference
    _signal_finish                            - Undefined Weak Reference
    _signal_init                              - Undefined Weak Reference
    _terminate_alloc                          - Undefined Weak Reference
    _terminate_user_alloc                     - Undefined Weak Reference
    _terminateio                              - Undefined Weak Reference
    __Vectors_Size                           0x00000188   Number         0  startup_stm32f405xx.o ABSOLUTE
    __Vectors                                0x08000000   Data           4  startup_stm32f405xx.o(RESET)
    __Vectors_End                            0x08000188   Data           0  startup_stm32f405xx.o(RESET)
    __main                                   0x08000189   Thumb Code     8  __main.o(!!!main)
    __scatterload                            0x08000191   Thumb Code     0  __scatter.o(!!!scatter)
    __scatterload_rt2                        0x08000191   Thumb Code    44  __scatter.o(!!!scatter)
    __scatterload_rt2_thumb_only             0x08000191   Thumb Code     0  __scatter.o(!!!scatter)
    __scatterload_null                       0x0800019f   Thumb Code     0  __scatter.o(!!!scatter)
    __scatterload_copy                       0x080001c5   Thumb Code    26  __scatter_copy.o(!!handler_copy)
    __scatterload_zeroinit                   0x080001e1   Thumb Code    28  __scatter_zi.o(!!handler_zi)
    __rt_lib_init                            0x080001fd   Thumb Code     0  libinit.o(.ARM.Collect$$libinit$$00000000)
    __rt_lib_init_fp_1                       0x080001ff   Thumb Code     0  libinit2.o(.ARM.Collect$$libinit$$00000001)
    __rt_lib_init_alloca_1                   0x08000203   Thumb Code     0  libinit2.o(.ARM.Collect$$libinit$$0000002E)
    __rt_lib_init_argv_1                     0x08000203   Thumb Code     0  libinit2.o(.ARM.Collect$$libinit$$0000002C)
    __rt_lib_init_atexit_1                   0x08000203   Thumb Code     0  libinit2.o(.ARM.Collect$$libinit$$0000001B)
    __rt_lib_init_clock_1                    0x08000203   Thumb Code     0  libinit2.o(.ARM.Collect$$libinit$$00000021)
    __rt_lib_init_cpp_1                      0x08000203   Thumb Code     0  libinit2.o(.ARM.Collect$$libinit$$00000032)
    __rt_lib_init_exceptions_1               0x08000203   Thumb Code     0  libinit2.o(.ARM.Collect$$libinit$$00000030)
    __rt_lib_init_fp_trap_1                  0x08000203   Thumb Code     0  libinit2.o(.ARM.Collect$$libinit$$0000001F)
    __rt_lib_init_getenv_1                   0x08000203   Thumb Code     0  libinit2.o(.ARM.Collect$$libinit$$00000023)
    __rt_lib_init_heap_1                     0x08000203   Thumb Code     0  libinit2.o(.ARM.Collect$$libinit$$0000000A)
    __rt_lib_init_lc_collate_1               0x08000203   Thumb Code     0  libinit2.o(.ARM.Collect$$libinit$$00000011)
    __rt_lib_init_lc_ctype_1                 0x08000203   Thumb Code     0  libinit2.o(.ARM.Collect$$libinit$$00000013)
    __rt_lib_init_lc_monetary_1              0x08000203   Thumb Code     0  libinit2.o(.ARM.Collect$$libinit$$00000015)
    __rt_lib_init_lc_numeric_1               0x08000203   Thumb Code     0  libinit2.o(.ARM.Collect$$libinit$$00000017)
    __rt_lib_init_lc_time_1                  0x08000203   Thumb Code     0  libinit2.o(.ARM.Collect$$libinit$$00000019)
    __rt_lib_init_preinit_1                  0x08000203   Thumb Code     0  libinit2.o(.ARM.Collect$$libinit$$00000004)
    __rt_lib_init_rand_1                     0x08000203   Thumb Code     0  libinit2.o(.ARM.Collect$$libinit$$0000000E)
    __rt_lib_init_return                     0x08000203   Thumb Code     0  libinit2.o(.ARM.Collect$$libinit$$00000033)
    __rt_lib_init_signal_1                   0x08000203   Thumb Code     0  libinit2.o(.ARM.Collect$$libinit$$0000001D)
    __rt_lib_init_stdio_1                    0x08000203   Thumb Code     0  libinit2.o(.ARM.Collect$$libinit$$00000025)
    __rt_lib_init_user_alloc_1               0x08000203   Thumb Code     0  libinit2.o(.ARM.Collect$$libinit$$0000000C)
    __rt_lib_shutdown                        0x08000205   Thumb Code     0  libshutdown.o(.ARM.Collect$$libshutdown$$00000000)
    __rt_lib_shutdown_cpp_1                  0x08000207   Thumb Code     0  libshutdown2.o(.ARM.Collect$$libshutdown$$00000004)
    __rt_lib_shutdown_fini_1                 0x08000207   Thumb Code     0  libshutdown2.o(.ARM.Collect$$libshutdown$$00000002)
    __rt_lib_shutdown_fp_trap_1              0x08000207   Thumb Code     0  libshutdown2.o(.ARM.Collect$$libshutdown$$00000009)
    __rt_lib_shutdown_heap_1                 0x08000207   Thumb Code     0  libshutdown2.o(.ARM.Collect$$libshutdown$$00000011)
    __rt_lib_shutdown_return                 0x08000207   Thumb Code     0  libshutdown2.o(.ARM.Collect$$libshutdown$$00000012)
    __rt_lib_shutdown_signal_1               0x08000207   Thumb Code     0  libshutdown2.o(.ARM.Collect$$libshutdown$$0000000C)
    __rt_lib_shutdown_stdio_1                0x08000207   Thumb Code     0  libshutdown2.o(.ARM.Collect$$libshutdown$$00000006)
    __rt_lib_shutdown_user_alloc_1           0x08000207   Thumb Code     0  libshutdown2.o(.ARM.Collect$$libshutdown$$0000000E)
    __rt_entry                               0x08000209   Thumb Code     0  __rtentry.o(.ARM.Collect$$rtentry$$00000000)
    __rt_entry_presh_1                       0x08000209   Thumb Code     0  __rtentry2.o(.ARM.Collect$$rtentry$$00000002)
    __rt_entry_sh                            0x08000209   Thumb Code     0  __rtentry4.o(.ARM.Collect$$rtentry$$00000004)
    __rt_entry_li                            0x0800020f   Thumb Code     0  __rtentry2.o(.ARM.Collect$$rtentry$$0000000A)
    __rt_entry_postsh_1                      0x0800020f   Thumb Code     0  __rtentry2.o(.ARM.Collect$$rtentry$$00000009)
    __rt_entry_main                          0x08000213   Thumb Code     0  __rtentry2.o(.ARM.Collect$$rtentry$$0000000D)
    __rt_entry_postli_1                      0x08000213   Thumb Code     0  __rtentry2.o(.ARM.Collect$$rtentry$$0000000C)
    __rt_exit                                0x0800021b   Thumb Code     0  rtexit.o(.ARM.Collect$$rtexit$$00000000)
    __rt_exit_ls                             0x0800021d   Thumb Code     0  rtexit2.o(.ARM.Collect$$rtexit$$00000003)
    __rt_exit_prels_1                        0x0800021d   Thumb Code     0  rtexit2.o(.ARM.Collect$$rtexit$$00000002)
    __rt_exit_exit                           0x08000221   Thumb Code     0  rtexit2.o(.ARM.Collect$$rtexit$$00000004)
    SVC_Handler                              0x08000229   Thumb Code    28  port.o(.emb_text)
    __asm___6_port_c_39a90d8d__prvStartFirstTask 0x08000249   Thumb Code    36  port.o(.emb_text)
    __asm___6_port_c_39a90d8d__prvEnableVFP  0x08000271   Thumb Code    16  port.o(.emb_text)
    PendSV_Handler                           0x08000285   Thumb Code    88  port.o(.emb_text)
    vPortGetIPSR                             0x080002e1   Thumb Code     6  port.o(.emb_text)
    Reset_Handler                            0x080002e9   Thumb Code     8  startup_stm32f405xx.o(.text)
    ADC_IRQHandler                           0x08000303   Thumb Code     0  startup_stm32f405xx.o(.text)
    CAN1_RX0_IRQHandler                      0x08000303   Thumb Code     0  startup_stm32f405xx.o(.text)
    CAN1_RX1_IRQHandler                      0x08000303   Thumb Code     0  startup_stm32f405xx.o(.text)
    CAN1_SCE_IRQHandler                      0x08000303   Thumb Code     0  startup_stm32f405xx.o(.text)
    CAN1_TX_IRQHandler                       0x08000303   Thumb Code     0  startup_stm32f405xx.o(.text)
    CAN2_RX0_IRQHandler                      0x08000303   Thumb Code     0  startup_stm32f405xx.o(.text)
    CAN2_RX1_IRQHandler                      0x08000303   Thumb Code     0  startup_stm32f405xx.o(.text)
    CAN2_SCE_IRQHandler                      0x08000303   Thumb Code     0  startup_stm32f405xx.o(.text)
    CAN2_TX_IRQHandler                       0x08000303   Thumb Code     0  startup_stm32f405xx.o(.text)
    DMA1_Stream0_IRQHandler                  0x08000303   Thumb Code     0  startup_stm32f405xx.o(.text)
    DMA1_Stream1_IRQHandler                  0x08000303   Thumb Code     0  startup_stm32f405xx.o(.text)
    DMA1_Stream2_IRQHandler                  0x08000303   Thumb Code     0  startup_stm32f405xx.o(.text)
    DMA1_Stream3_IRQHandler                  0x08000303   Thumb Code     0  startup_stm32f405xx.o(.text)
    DMA1_Stream4_IRQHandler                  0x08000303   Thumb Code     0  startup_stm32f405xx.o(.text)
    DMA1_Stream5_IRQHandler                  0x08000303   Thumb Code     0  startup_stm32f405xx.o(.text)
    DMA1_Stream6_IRQHandler                  0x08000303   Thumb Code     0  startup_stm32f405xx.o(.text)
    DMA1_Stream7_IRQHandler                  0x08000303   Thumb Code     0  startup_stm32f405xx.o(.text)
    DMA2_Stream0_IRQHandler                  0x08000303   Thumb Code     0  startup_stm32f405xx.o(.text)
    DMA2_Stream1_IRQHandler                  0x08000303   Thumb Code     0  startup_stm32f405xx.o(.text)
    DMA2_Stream3_IRQHandler                  0x08000303   Thumb Code     0  startup_stm32f405xx.o(.text)
    DMA2_Stream4_IRQHandler                  0x08000303   Thumb Code     0  startup_stm32f405xx.o(.text)
    DMA2_Stream5_IRQHandler                  0x08000303   Thumb Code     0  startup_stm32f405xx.o(.text)
    DMA2_Stream6_IRQHandler                  0x08000303   Thumb Code     0  startup_stm32f405xx.o(.text)
    EXTI0_IRQHandler                         0x08000303   Thumb Code     0  startup_stm32f405xx.o(.text)
    EXTI15_10_IRQHandler                     0x08000303   Thumb Code     0  startup_stm32f405xx.o(.text)
    EXTI1_IRQHandler                         0x08000303   Thumb Code     0  startup_stm32f405xx.o(.text)
    EXTI2_IRQHandler                         0x08000303   Thumb Code     0  startup_stm32f405xx.o(.text)
    EXTI3_IRQHandler                         0x08000303   Thumb Code     0  startup_stm32f405xx.o(.text)
    EXTI4_IRQHandler                         0x08000303   Thumb Code     0  startup_stm32f405xx.o(.text)
    EXTI9_5_IRQHandler                       0x08000303   Thumb Code     0  startup_stm32f405xx.o(.text)
    FLASH_IRQHandler                         0x08000303   Thumb Code     0  startup_stm32f405xx.o(.text)
    FMC_IRQHandler                           0x08000303   Thumb Code     0  startup_stm32f405xx.o(.text)
    FPU_IRQHandler                           0x08000303   Thumb Code     0  startup_stm32f405xx.o(.text)
    HASH_RNG_IRQHandler                      0x08000303   Thumb Code     0  startup_stm32f405xx.o(.text)
    I2C1_ER_IRQHandler                       0x08000303   Thumb Code     0  startup_stm32f405xx.o(.text)
    I2C1_EV_IRQHandler                       0x08000303   Thumb Code     0  startup_stm32f405xx.o(.text)
    I2C2_ER_IRQHandler                       0x08000303   Thumb Code     0  startup_stm32f405xx.o(.text)
    I2C2_EV_IRQHandler                       0x08000303   Thumb Code     0  startup_stm32f405xx.o(.text)
    I2C3_ER_IRQHandler                       0x08000303   Thumb Code     0  startup_stm32f405xx.o(.text)
    I2C3_EV_IRQHandler                       0x08000303   Thumb Code     0  startup_stm32f405xx.o(.text)
    OTG_FS_IRQHandler                        0x08000303   Thumb Code     0  startup_stm32f405xx.o(.text)
    OTG_FS_WKUP_IRQHandler                   0x08000303   Thumb Code     0  startup_stm32f405xx.o(.text)
    OTG_HS_EP1_IN_IRQHandler                 0x08000303   Thumb Code     0  startup_stm32f405xx.o(.text)
    OTG_HS_EP1_OUT_IRQHandler                0x08000303   Thumb Code     0  startup_stm32f405xx.o(.text)
    OTG_HS_IRQHandler                        0x08000303   Thumb Code     0  startup_stm32f405xx.o(.text)
    OTG_HS_WKUP_IRQHandler                   0x08000303   Thumb Code     0  startup_stm32f405xx.o(.text)
    PVD_IRQHandler                           0x08000303   Thumb Code     0  startup_stm32f405xx.o(.text)
    RCC_IRQHandler                           0x08000303   Thumb Code     0  startup_stm32f405xx.o(.text)
    RTC_Alarm_IRQHandler                     0x08000303   Thumb Code     0  startup_stm32f405xx.o(.text)
    RTC_WKUP_IRQHandler                      0x08000303   Thumb Code     0  startup_stm32f405xx.o(.text)
    SDIO_IRQHandler                          0x08000303   Thumb Code     0  startup_stm32f405xx.o(.text)
    SPI1_IRQHandler                          0x08000303   Thumb Code     0  startup_stm32f405xx.o(.text)
    SPI2_IRQHandler                          0x08000303   Thumb Code     0  startup_stm32f405xx.o(.text)
    SPI3_IRQHandler                          0x08000303   Thumb Code     0  startup_stm32f405xx.o(.text)
    TAMP_STAMP_IRQHandler                    0x08000303   Thumb Code     0  startup_stm32f405xx.o(.text)
    TIM1_BRK_TIM9_IRQHandler                 0x08000303   Thumb Code     0  startup_stm32f405xx.o(.text)
    TIM1_CC_IRQHandler                       0x08000303   Thumb Code     0  startup_stm32f405xx.o(.text)
    TIM1_TRG_COM_TIM11_IRQHandler            0x08000303   Thumb Code     0  startup_stm32f405xx.o(.text)
    TIM1_UP_TIM10_IRQHandler                 0x08000303   Thumb Code     0  startup_stm32f405xx.o(.text)
    TIM2_IRQHandler                          0x08000303   Thumb Code     0  startup_stm32f405xx.o(.text)
    TIM3_IRQHandler                          0x08000303   Thumb Code     0  startup_stm32f405xx.o(.text)
    TIM4_IRQHandler                          0x08000303   Thumb Code     0  startup_stm32f405xx.o(.text)
    TIM5_IRQHandler                          0x08000303   Thumb Code     0  startup_stm32f405xx.o(.text)
    TIM6_DAC_IRQHandler                      0x08000303   Thumb Code     0  startup_stm32f405xx.o(.text)
    TIM7_IRQHandler                          0x08000303   Thumb Code     0  startup_stm32f405xx.o(.text)
    TIM8_BRK_TIM12_IRQHandler                0x08000303   Thumb Code     0  startup_stm32f405xx.o(.text)
    TIM8_CC_IRQHandler                       0x08000303   Thumb Code     0  startup_stm32f405xx.o(.text)
    TIM8_UP_TIM13_IRQHandler                 0x08000303   Thumb Code     0  startup_stm32f405xx.o(.text)
    UART4_IRQHandler                         0x08000303   Thumb Code     0  startup_stm32f405xx.o(.text)
    UART5_IRQHandler                         0x08000303   Thumb Code     0  startup_stm32f405xx.o(.text)
    USART2_IRQHandler                        0x08000303   Thumb Code     0  startup_stm32f405xx.o(.text)
    USART3_IRQHandler                        0x08000303   Thumb Code     0  startup_stm32f405xx.o(.text)
    USART6_IRQHandler                        0x08000303   Thumb Code     0  startup_stm32f405xx.o(.text)
    WWDG_IRQHandler                          0x08000303   Thumb Code     0  startup_stm32f405xx.o(.text)
    __user_initial_stackheap                 0x08000305   Thumb Code     0  startup_stm32f405xx.o(.text)
    __aeabi_uldivmod                         0x08000329   Thumb Code     0  lludivv7m.o(.text)
    _ll_udiv                                 0x08000329   Thumb Code   238  lludivv7m.o(.text)
    __aeabi_memcpy                           0x08000417   Thumb Code     0  rt_memcpy_v6.o(.text)
    __rt_memcpy                              0x08000417   Thumb Code   138  rt_memcpy_v6.o(.text)
    _memcpy_lastbytes                        0x0800047d   Thumb Code     0  rt_memcpy_v6.o(.text)
    __aeabi_memset                           0x080004a1   Thumb Code    16  aeabi_memset.o(.text)
    __aeabi_memclr                           0x080004b1   Thumb Code     0  rt_memclr.o(.text)
    __rt_memclr                              0x080004b1   Thumb Code    68  rt_memclr.o(.text)
    _memset                                  0x080004b5   Thumb Code     0  rt_memclr.o(.text)
    __aeabi_memclr4                          0x080004f5   Thumb Code     0  rt_memclr_w.o(.text)
    __aeabi_memclr8                          0x080004f5   Thumb Code     0  rt_memclr_w.o(.text)
    __rt_memclr_w                            0x080004f5   Thumb Code    78  rt_memclr_w.o(.text)
    _memset_w                                0x080004f9   Thumb Code     0  rt_memclr_w.o(.text)
    __use_two_region_memory                  0x08000543   Thumb Code     2  heapauxi.o(.text)
    __rt_heap_escrow$2region                 0x08000545   Thumb Code     2  heapauxi.o(.text)
    __rt_heap_expand$2region                 0x08000547   Thumb Code     2  heapauxi.o(.text)
    __aeabi_memcpy4                          0x08000549   Thumb Code     0  rt_memcpy_w.o(.text)
    __aeabi_memcpy8                          0x08000549   Thumb Code     0  rt_memcpy_w.o(.text)
    __rt_memcpy_w                            0x08000549   Thumb Code   100  rt_memcpy_w.o(.text)
    _memcpy_lastbytes_aligned                0x08000591   Thumb Code     0  rt_memcpy_w.o(.text)
    __user_setup_stackheap                   0x080005ad   Thumb Code    74  sys_stackheap_outer.o(.text)
    exit                                     0x080005f7   Thumb Code    18  exit.o(.text)
    __user_libspace                          0x08000609   Thumb Code     8  libspace.o(.text)
    __user_perproc_libspace                  0x08000609   Thumb Code     0  libspace.o(.text)
    __user_perthread_libspace                0x08000609   Thumb Code     0  libspace.o(.text)
    _sys_exit                                0x08000611   Thumb Code     8  sys_exit.o(.text)
    __I$use$semihosting                      0x0800061d   Thumb Code     0  use_no_semi.o(.text)
    __use_no_semihosting_swi                 0x0800061d   Thumb Code     2  use_no_semi.o(.text)
    BusFault_Handler                         0x0800061f   Thumb Code     4  stm32f4xx_it.o(i.BusFault_Handler)
    __semihosting_library_function           0x0800061f   Thumb Code     0  indicate_semi.o(.text)
    DMA2_Stream2_IRQHandler                  0x08000625   Thumb Code    10  stm32f4xx_it.o(i.DMA2_Stream2_IRQHandler)
    DMA2_Stream7_IRQHandler                  0x08000635   Thumb Code    10  stm32f4xx_it.o(i.DMA2_Stream7_IRQHandler)
    DebugMon_Handler                         0x0800074f   Thumb Code     2  stm32f4xx_it.o(i.DebugMon_Handler)
    Error_Handler                            0x08000751   Thumb Code     6  main.o(i.Error_Handler)
    HAL_DMA_Abort                            0x08000757   Thumb Code   172  stm32f4xx_hal_dma.o(i.HAL_DMA_Abort)
    HAL_DMA_Abort_IT                         0x08000803   Thumb Code    40  stm32f4xx_hal_dma.o(i.HAL_DMA_Abort_IT)
    HAL_DMA_IRQHandler                       0x0800082d   Thumb Code   570  stm32f4xx_hal_dma.o(i.HAL_DMA_IRQHandler)
    HAL_DMA_Init                             0x08000a6d   Thumb Code   232  stm32f4xx_hal_dma.o(i.HAL_DMA_Init)
    HAL_DMA_Start_IT                         0x08000b59   Thumb Code   146  stm32f4xx_hal_dma.o(i.HAL_DMA_Start_IT)
    HAL_GPIO_Init                            0x08000bed   Thumb Code   454  stm32f4xx_hal_gpio.o(i.HAL_GPIO_Init)
    HAL_GPIO_WritePin                        0x08000de1   Thumb Code    12  stm32f4xx_hal_gpio.o(i.HAL_GPIO_WritePin)
    HAL_GetTick                              0x08000ded   Thumb Code     6  stm32f4xx_hal.o(i.HAL_GetTick)
    HAL_IncTick                              0x08000df9   Thumb Code    16  stm32f4xx_hal.o(i.HAL_IncTick)
    HAL_Init                                 0x08000e11   Thumb Code    54  stm32f4xx_hal.o(i.HAL_Init)
    HAL_InitTick                             0x08000e4d   Thumb Code   160  stm32f4xx_hal_timebase_tim.o(i.HAL_InitTick)
    HAL_MspInit                              0x08000f01   Thumb Code    78  stm32f4xx_hal_msp.o(i.HAL_MspInit)
    HAL_NVIC_EnableIRQ                       0x08000f55   Thumb Code    40  stm32f4xx_hal_cortex.o(i.HAL_NVIC_EnableIRQ)
    HAL_NVIC_SetPriority                     0x08000f7d   Thumb Code   124  stm32f4xx_hal_cortex.o(i.HAL_NVIC_SetPriority)
    HAL_NVIC_SetPriorityGrouping             0x08000ff9   Thumb Code    32  stm32f4xx_hal_cortex.o(i.HAL_NVIC_SetPriorityGrouping)
    HAL_RCC_ClockConfig                      0x08001021   Thumb Code   368  stm32f4xx_hal_rcc.o(i.HAL_RCC_ClockConfig)
    HAL_RCC_GetClockConfig                   0x080011a5   Thumb Code    58  stm32f4xx_hal_rcc.o(i.HAL_RCC_GetClockConfig)
    HAL_RCC_GetHCLKFreq                      0x080011e9   Thumb Code     6  stm32f4xx_hal_rcc.o(i.HAL_RCC_GetHCLKFreq)
    HAL_RCC_GetPCLK1Freq                     0x080011f5   Thumb Code    22  stm32f4xx_hal_rcc.o(i.HAL_RCC_GetPCLK1Freq)
    HAL_RCC_GetPCLK2Freq                     0x08001215   Thumb Code    22  stm32f4xx_hal_rcc.o(i.HAL_RCC_GetPCLK2Freq)
    HAL_RCC_GetSysClockFreq                  0x08001235   Thumb Code   162  stm32f4xx_hal_rcc.o(i.HAL_RCC_GetSysClockFreq)
    HAL_RCC_OscConfig                        0x080012e5   Thumb Code  1172  stm32f4xx_hal_rcc.o(i.HAL_RCC_OscConfig)
    HAL_TIMEx_BreakCallback                  0x08001781   Thumb Code     2  stm32f4xx_hal_tim_ex.o(i.HAL_TIMEx_BreakCallback)
    HAL_TIMEx_CommutCallback                 0x08001783   Thumb Code     2  stm32f4xx_hal_tim_ex.o(i.HAL_TIMEx_CommutCallback)
    HAL_TIMEx_MasterConfigSynchronization    0x08001785   Thumb Code   150  stm32f4xx_hal_tim_ex.o(i.HAL_TIMEx_MasterConfigSynchronization)
    HAL_TIM_Base_Init                        0x08001839   Thumb Code   102  stm32f4xx_hal_tim.o(i.HAL_TIM_Base_Init)
    HAL_TIM_Base_MspInit                     0x080018a1   Thumb Code    84  tim.o(i.HAL_TIM_Base_MspInit)
    HAL_TIM_Base_Start_IT                    0x08001901   Thumb Code   138  stm32f4xx_hal_tim.o(i.HAL_TIM_Base_Start_IT)
    HAL_TIM_ConfigClockSource                0x080019a9   Thumb Code   268  stm32f4xx_hal_tim.o(i.HAL_TIM_ConfigClockSource)
    HAL_TIM_IC_CaptureCallback               0x08001ab5   Thumb Code     2  stm32f4xx_hal_tim.o(i.HAL_TIM_IC_CaptureCallback)
    HAL_TIM_IRQHandler                       0x08001ab7   Thumb Code   364  stm32f4xx_hal_tim.o(i.HAL_TIM_IRQHandler)
    HAL_TIM_MspPostInit                      0x08001c25   Thumb Code   208  tim.o(i.HAL_TIM_MspPostInit)
    HAL_TIM_OC_DelayElapsedCallback          0x08001d09   Thumb Code     2  stm32f4xx_hal_tim.o(i.HAL_TIM_OC_DelayElapsedCallback)
    HAL_TIM_PWM_ConfigChannel                0x08001d0b   Thumb Code   260  stm32f4xx_hal_tim.o(i.HAL_TIM_PWM_ConfigChannel)
    HAL_TIM_PWM_Init                         0x08001e0f   Thumb Code   102  stm32f4xx_hal_tim.o(i.HAL_TIM_PWM_Init)
    HAL_TIM_PWM_MspInit                      0x08001e75   Thumb Code     2  stm32f4xx_hal_tim.o(i.HAL_TIM_PWM_MspInit)
    HAL_TIM_PWM_PulseFinishedCallback        0x08001e77   Thumb Code     2  stm32f4xx_hal_tim.o(i.HAL_TIM_PWM_PulseFinishedCallback)
    HAL_TIM_PWM_Start                        0x08001e79   Thumb Code   238  stm32f4xx_hal_tim.o(i.HAL_TIM_PWM_Start)
    HAL_TIM_PWM_Stop                         0x08001f85   Thumb Code   160  stm32f4xx_hal_tim.o(i.HAL_TIM_PWM_Stop)
    HAL_TIM_PeriodElapsedCallback            0x0800202d   Thumb Code    18  main.o(i.HAL_TIM_PeriodElapsedCallback)
    HAL_TIM_TriggerCallback                  0x08002045   Thumb Code     2  stm32f4xx_hal_tim.o(i.HAL_TIM_TriggerCallback)
    HAL_UARTEx_RxEventCallback               0x08002047   Thumb Code     2  stm32f4xx_hal_uart.o(i.HAL_UARTEx_RxEventCallback)
    HAL_UART_ErrorCallback                   0x08002049   Thumb Code     2  stm32f4xx_hal_uart.o(i.HAL_UART_ErrorCallback)
    HAL_UART_IRQHandler                      0x0800204d   Thumb Code   772  stm32f4xx_hal_uart.o(i.HAL_UART_IRQHandler)
    HAL_UART_Init                            0x08002355   Thumb Code   118  stm32f4xx_hal_uart.o(i.HAL_UART_Init)
    HAL_UART_MspInit                         0x080023cd   Thumb Code   272  usart.o(i.HAL_UART_MspInit)
    HAL_UART_Receive_DMA                     0x080024f5   Thumb Code    44  stm32f4xx_hal_uart.o(i.HAL_UART_Receive_DMA)
    HAL_UART_RxCpltCallback                  0x08002521   Thumb Code     2  stm32f4xx_hal_uart.o(i.HAL_UART_RxCpltCallback)
    HAL_UART_RxHalfCpltCallback              0x08002525   Thumb Code    16  ax_ps2.o(i.HAL_UART_RxHalfCpltCallback)
    HAL_UART_TxCpltCallback                  0x0800253d   Thumb Code     2  stm32f4xx_hal_uart.o(i.HAL_UART_TxCpltCallback)
    HardFault_Handler                        0x0800253f   Thumb Code     4  stm32f4xx_it.o(i.HardFault_Handler)
    MX_DMA_Init                              0x08002545   Thumb Code    68  dma.o(i.MX_DMA_Init)
    MX_FREERTOS_Init                         0x0800258d   Thumb Code    46  freertos.o(i.MX_FREERTOS_Init)
    MX_GPIO_Init                             0x080025e1   Thumb Code   192  gpio.o(i.MX_GPIO_Init)
    MX_TIM3_Init                             0x080026ad   Thumb Code   204  tim.o(i.MX_TIM3_Init)
    MX_TIM5_Init                             0x08002781   Thumb Code   204  tim.o(i.MX_TIM5_Init)
    MX_USART1_UART_Init                      0x08002855   Thumb Code    72  usart.o(i.MX_USART1_UART_Init)
    MemManage_Handler                        0x080028ad   Thumb Code     4  stm32f4xx_it.o(i.MemManage_Handler)
    Motor_contrl                             0x080028b1   Thumb Code   166  motorcontrl.o(i.Motor_contrl)
    Motor_init                               0x08002969   Thumb Code    28  motorcontrl.o(i.Motor_init)
    NMI_Handler                              0x0800298d   Thumb Code     4  stm32f4xx_it.o(i.NMI_Handler)
    Set_PWM                                  0x08002991   Thumb Code   140  motorcontrl.o(i.Set_PWM)
    StartDefaultTask                         0x08002a21   Thumb Code    10  freertos.o(i.StartDefaultTask)
    Start_PWM                                0x08002a2b   Thumb Code    38  motorcontrl.o(i.Start_PWM)
    Stop_PWM                                 0x08002a51   Thumb Code    38  motorcontrl.o(i.Stop_PWM)
    SysTick_Handler                          0x08002a77   Thumb Code    22  cmsis_os2.o(i.SysTick_Handler)
    SystemClock_Config                       0x08002a8d   Thumb Code   144  main.o(i.SystemClock_Config)
    SystemInit                               0x08002b25   Thumb Code    14  system_stm32f4xx.o(i.SystemInit)
    TIM8_TRG_COM_TIM14_IRQHandler            0x08002b39   Thumb Code    10  stm32f4xx_it.o(i.TIM8_TRG_COM_TIM14_IRQHandler)
    TIM_Base_SetConfig                       0x08002b49   Thumb Code   178  stm32f4xx_hal_tim.o(i.TIM_Base_SetConfig)
    TIM_CCxChannelCmd                        0x08002c29   Thumb Code    34  stm32f4xx_hal_tim.o(i.TIM_CCxChannelCmd)
    TIM_ETR_SetConfig                        0x08002c4b   Thumb Code    22  stm32f4xx_hal_tim.o(i.TIM_ETR_SetConfig)
    TIM_OC2_SetConfig                        0x08002ce5   Thumb Code   114  stm32f4xx_hal_tim.o(i.TIM_OC2_SetConfig)
    UART_Start_Receive_DMA                   0x08003391   Thumb Code   202  stm32f4xx_hal_uart.o(i.UART_Start_Receive_DMA)
    USART1_IRQHandler                        0x080034c9   Thumb Code    10  stm32f4xx_it.o(i.USART1_IRQHandler)
    UsageFault_Handler                       0x080034d9   Thumb Code     4  stm32f4xx_it.o(i.UsageFault_Handler)
    fof_update                               0x0800351d   Thumb Code    34  motorcontrl.o(i.fof_update)
    main                                     0x08003549   Thumb Code    48  main.o(i.main)
    motor_move_entry                         0x08003579   Thumb Code    24  freertos.o(i.motor_move_entry)
    omni_wheel_inverse_kinematics            0x08003595   Thumb Code   212  motorcontrl.o(i.omni_wheel_inverse_kinematics)
    osDelay                                  0x08003675   Thumb Code    30  cmsis_os2.o(i.osDelay)
    osKernelInitialize                       0x08003695   Thumb Code    38  cmsis_os2.o(i.osKernelInitialize)
    osKernelStart                            0x080036c1   Thumb Code    82  cmsis_os2.o(i.osKernelStart)
    osThreadNew                              0x08003721   Thumb Code   184  cmsis_os2.o(i.osThreadNew)
    parse_joystick_data                      0x080037d9   Thumb Code    96  ax_ps2.o(i.parse_joystick_data)
    pvPortMalloc                             0x0800425d   Thumb Code   306  heap_4.o(i.pvPortMalloc)
    pxPortInitialiseStack                    0x080043a9   Thumb Code    38  port.o(i.pxPortInitialiseStack)
    remote_control_entry                     0x080043d5   Thumb Code    52  freertos.o(i.remote_control_entry)
    uxListRemove                             0x08004419   Thumb Code    40  list.o(i.uxListRemove)
    vApplicationGetIdleTaskMemory            0x08004441   Thumb Code    14  cmsis_os2.o(i.vApplicationGetIdleTaskMemory)
    vApplicationGetTimerTaskMemory           0x08004459   Thumb Code    16  cmsis_os2.o(i.vApplicationGetTimerTaskMemory)
    vListInitialise                          0x08004471   Thumb Code    26  list.o(i.vListInitialise)
    vListInitialiseItem                      0x0800448b   Thumb Code     6  list.o(i.vListInitialiseItem)
    vListInsert                              0x08004491   Thumb Code    52  list.o(i.vListInsert)
    vListInsertEnd                           0x080044c5   Thumb Code    24  list.o(i.vListInsertEnd)
    vPortEnterCritical                       0x080044dd   Thumb Code    76  port.o(i.vPortEnterCritical)
    vPortExitCritical                        0x08004531   Thumb Code    56  port.o(i.vPortExitCritical)
    vPortFree                                0x0800456d   Thumb Code   150  heap_4.o(i.vPortFree)
    vPortSetupTimerInterrupt                 0x08004611   Thumb Code    36  port.o(i.vPortSetupTimerInterrupt)
    vPortValidateInterruptPriority           0x08004639   Thumb Code   106  port.o(i.vPortValidateInterruptPriority)
    vQueueAddToRegistry                      0x080046b1   Thumb Code    38  queue.o(i.vQueueAddToRegistry)
    vQueueWaitForMessageRestricted           0x080046dd   Thumb Code    74  queue.o(i.vQueueWaitForMessageRestricted)
    vTaskDelay                               0x08004729   Thumb Code    82  tasks.o(i.vTaskDelay)
    vTaskInternalSetTimeOutState             0x08004785   Thumb Code    14  tasks.o(i.vTaskInternalSetTimeOutState)
    vTaskMissedYield                         0x0800479d   Thumb Code     8  tasks.o(i.vTaskMissedYield)
    vTaskPlaceOnEventList                    0x080047a9   Thumb Code    52  tasks.o(i.vTaskPlaceOnEventList)
    vTaskPlaceOnEventListRestricted          0x080047e1   Thumb Code    60  tasks.o(i.vTaskPlaceOnEventListRestricted)
    vTaskStartScheduler                      0x08004821   Thumb Code   156  tasks.o(i.vTaskStartScheduler)
    vTaskSuspendAll                          0x080048d9   Thumb Code    12  tasks.o(i.vTaskSuspendAll)
    vTaskSwitchContext                       0x080048e9   Thumb Code   122  tasks.o(i.vTaskSwitchContext)
    xPortStartScheduler                      0x08004979   Thumb Code   330  port.o(i.xPortStartScheduler)
    xPortSysTickHandler                      0x08004ae1   Thumb Code    46  port.o(i.xPortSysTickHandler)
    xQueueGenericCreateStatic                0x08004b15   Thumb Code   224  queue.o(i.xQueueGenericCreateStatic)
    xQueueGenericReset                       0x08004bf5   Thumb Code   146  queue.o(i.xQueueGenericReset)
    xQueueGenericSend                        0x08004c8d   Thumb Code   420  queue.o(i.xQueueGenericSend)
    xQueueGenericSendFromISR                 0x08004e35   Thumb Code   252  queue.o(i.xQueueGenericSendFromISR)
    xQueueReceive                            0x08004f31   Thumb Code   356  queue.o(i.xQueueReceive)
    xTaskCheckForTimeOut                     0x08005099   Thumb Code   132  tasks.o(i.xTaskCheckForTimeOut)
    xTaskCreate                              0x08005125   Thumb Code   100  tasks.o(i.xTaskCreate)
    xTaskCreateStatic                        0x08005189   Thumb Code   186  tasks.o(i.xTaskCreateStatic)
    xTaskGetSchedulerState                   0x08005245   Thumb Code    24  tasks.o(i.xTaskGetSchedulerState)
    xTaskGetTickCount                        0x08005265   Thumb Code     6  tasks.o(i.xTaskGetTickCount)
    xTaskIncrementTick                       0x08005271   Thumb Code   280  tasks.o(i.xTaskIncrementTick)
    xTaskPriorityDisinherit                  0x080053b5   Thumb Code   152  tasks.o(i.xTaskPriorityDisinherit)
    xTaskRemoveFromEventList                 0x08005459   Thumb Code   126  tasks.o(i.xTaskRemoveFromEventList)
    xTaskResumeAll                           0x080054f1   Thumb Code   222  tasks.o(i.xTaskResumeAll)
    xTimerCreateTimerTask                    0x080055f5   Thumb Code   100  timers.o(i.xTimerCreateTimerTask)
    xTimerGenericCommand                     0x0800566d   Thumb Code   128  timers.o(i.xTimerGenericCommand)
    _fp_init                                 0x080056f1   Thumb Code    10  fpinit.o(x$fpl$fpinit)
    __fplib_config_fpu_vfp                   0x080056f9   Thumb Code     0  fpinit.o(x$fpl$fpinit)
    __fplib_config_pureend_doubles           0x080056f9   Thumb Code     0  fpinit.o(x$fpl$fpinit)
    defaultTask_attributes                   0x080056fc   Data          36  freertos.o(.constdata)
    motor_move_attributes                    0x08005720   Data          36  freertos.o(.constdata)
    remote_control_attributes                0x08005744   Data          36  freertos.o(.constdata)
    AHBPrescTable                            0x08005770   Data          16  system_stm32f4xx.o(.constdata)
    APBPrescTable                            0x08005780   Data           8  system_stm32f4xx.o(.constdata)
    k_                                       0x08005788   Data           4  motorcontrl.o(.constdata)
    R                                        0x0800578c   Data           4  motorcontrl.o(.constdata)
    sin45                                    0x08005790   Data           4  motorcontrl.o(.constdata)
    cos45                                    0x08005794   Data           4  motorcontrl.o(.constdata)
    cos60                                    0x08005798   Data           4  motorcontrl.o(.constdata)
    sin60                                    0x0800579c   Data           4  motorcontrl.o(.constdata)
    chassis_params                           0x080057a0   Data          12  motorcontrl.o(.constdata)
    Region$$Table$$Base                      0x080057d4   Number         0  anon$$obj.o(Region$$Table)
    Region$$Table$$Limit                     0x080057f4   Number         0  anon$$obj.o(Region$$Table)
    defaultTaskHandle                        0x20000008   Data           4  freertos.o(.data)
    motor_moveHandle                         0x2000000c   Data           4  freertos.o(.data)
    remote_controlHandle                     0x20000010   Data           4  freertos.o(.data)
    uart_rx_length                           0x20000014   Data           2  usart.o(.data)
    uart_rx_complete                         0x20000016   Data           1  usart.o(.data)
    uwTick                                   0x20000018   Data           4  stm32f4xx_hal.o(.data)
    uwTickPrio                               0x2000001c   Data           4  stm32f4xx_hal.o(.data)
    uwTickFreq                               0x20000020   Data           1  stm32f4xx_hal.o(.data)
    SystemCoreClock                          0x20000024   Data           4  system_stm32f4xx.o(.data)
    pxCurrentTCB                             0x20000028   Data           4  tasks.o(.data)
    htim3                                    0x200000a8   Data          72  tim.o(.bss)
    htim5                                    0x200000f0   Data          72  tim.o(.bss)
    uart_rx_buffer                           0x20000138   Data          64  usart.o(.bss)
    huart1                                   0x20000178   Data          72  usart.o(.bss)
    hdma_usart1_rx                           0x200001c0   Data          96  usart.o(.bss)
    hdma_usart1_tx                           0x20000220   Data          96  usart.o(.bss)
    htim14                                   0x20000280   Data          72  stm32f4xx_hal_timebase_tim.o(.bss)
    xQueueRegistry                           0x200002c8   Data          64  queue.o(.bss)
    chassis                                  0x20004b9c   Data          48  motorcontrl.o(.bss)
    v_input                                  0x20004bcc   Data          12  motorcontrl.o(.bss)
    __libspace_start                         0x20004bd8   Data          96  libspace.o(.bss)
    __temporary_stack_top$libspace           0x20004c38   Data           0  libspace.o(.bss)



==============================================================================

Memory Map of the image

  Image Entry point : 0x08000189

  Load Region LR_IROM1 (Base: 0x08000000, Size: 0x0000589c, Max: 0x00100000, ABSOLUTE)

    Execution Region ER_IROM1 (Exec base: 0x08000000, Load base: 0x08000000, Size: 0x000057f4, Max: 0x00100000, ABSOLUTE)

    Exec Addr    Load Addr    Size         Type   Attr      Idx    E Section Name        Object

    0x08000000   0x08000000   0x00000188   Data   RO            3    RESET               startup_stm32f405xx.o
    0x08000188   0x08000188   0x00000008   Code   RO         5098  * !!!main             c_w.l(__main.o)
    0x08000190   0x08000190   0x00000034   Code   RO         5269    !!!scatter          c_w.l(__scatter.o)
    0x080001c4   0x080001c4   0x0000001a   Code   RO         5271    !!handler_copy      c_w.l(__scatter_copy.o)
    0x080001de   0x080001de   0x00000002   PAD
    0x080001e0   0x080001e0   0x0000001c   Code   RO         5273    !!handler_zi        c_w.l(__scatter_zi.o)
    0x080001fc   0x080001fc   0x00000002   Code   RO         5137    .ARM.Collect$$libinit$$00000000  c_w.l(libinit.o)
    0x080001fe   0x080001fe   0x00000004   Code   RO         5149    .ARM.Collect$$libinit$$00000001  c_w.l(libinit2.o)
    0x08000202   0x08000202   0x00000000   Code   RO         5152    .ARM.Collect$$libinit$$00000004  c_w.l(libinit2.o)
    0x08000202   0x08000202   0x00000000   Code   RO         5155    .ARM.Collect$$libinit$$0000000A  c_w.l(libinit2.o)
    0x08000202   0x08000202   0x00000000   Code   RO         5157    .ARM.Collect$$libinit$$0000000C  c_w.l(libinit2.o)
    0x08000202   0x08000202   0x00000000   Code   RO         5159    .ARM.Collect$$libinit$$0000000E  c_w.l(libinit2.o)
    0x08000202   0x08000202   0x00000000   Code   RO         5162    .ARM.Collect$$libinit$$00000011  c_w.l(libinit2.o)
    0x08000202   0x08000202   0x00000000   Code   RO         5164    .ARM.Collect$$libinit$$00000013  c_w.l(libinit2.o)
    0x08000202   0x08000202   0x00000000   Code   RO         5166    .ARM.Collect$$libinit$$00000015  c_w.l(libinit2.o)
    0x08000202   0x08000202   0x00000000   Code   RO         5168    .ARM.Collect$$libinit$$00000017  c_w.l(libinit2.o)
    0x08000202   0x08000202   0x00000000   Code   RO         5170    .ARM.Collect$$libinit$$00000019  c_w.l(libinit2.o)
    0x08000202   0x08000202   0x00000000   Code   RO         5172    .ARM.Collect$$libinit$$0000001B  c_w.l(libinit2.o)
    0x08000202   0x08000202   0x00000000   Code   RO         5174    .ARM.Collect$$libinit$$0000001D  c_w.l(libinit2.o)
    0x08000202   0x08000202   0x00000000   Code   RO         5176    .ARM.Collect$$libinit$$0000001F  c_w.l(libinit2.o)
    0x08000202   0x08000202   0x00000000   Code   RO         5178    .ARM.Collect$$libinit$$00000021  c_w.l(libinit2.o)
    0x08000202   0x08000202   0x00000000   Code   RO         5180    .ARM.Collect$$libinit$$00000023  c_w.l(libinit2.o)
    0x08000202   0x08000202   0x00000000   Code   RO         5182    .ARM.Collect$$libinit$$00000025  c_w.l(libinit2.o)
    0x08000202   0x08000202   0x00000000   Code   RO         5186    .ARM.Collect$$libinit$$0000002C  c_w.l(libinit2.o)
    0x08000202   0x08000202   0x00000000   Code   RO         5188    .ARM.Collect$$libinit$$0000002E  c_w.l(libinit2.o)
    0x08000202   0x08000202   0x00000000   Code   RO         5190    .ARM.Collect$$libinit$$00000030  c_w.l(libinit2.o)
    0x08000202   0x08000202   0x00000000   Code   RO         5192    .ARM.Collect$$libinit$$00000032  c_w.l(libinit2.o)
    0x08000202   0x08000202   0x00000002   Code   RO         5193    .ARM.Collect$$libinit$$00000033  c_w.l(libinit2.o)
    0x08000204   0x08000204   0x00000002   Code   RO         5224    .ARM.Collect$$libshutdown$$00000000  c_w.l(libshutdown.o)
    0x08000206   0x08000206   0x00000000   Code   RO         5250    .ARM.Collect$$libshutdown$$00000002  c_w.l(libshutdown2.o)
    0x08000206   0x08000206   0x00000000   Code   RO         5252    .ARM.Collect$$libshutdown$$00000004  c_w.l(libshutdown2.o)
    0x08000206   0x08000206   0x00000000   Code   RO         5254    .ARM.Collect$$libshutdown$$00000006  c_w.l(libshutdown2.o)
    0x08000206   0x08000206   0x00000000   Code   RO         5257    .ARM.Collect$$libshutdown$$00000009  c_w.l(libshutdown2.o)
    0x08000206   0x08000206   0x00000000   Code   RO         5260    .ARM.Collect$$libshutdown$$0000000C  c_w.l(libshutdown2.o)
    0x08000206   0x08000206   0x00000000   Code   RO         5262    .ARM.Collect$$libshutdown$$0000000E  c_w.l(libshutdown2.o)
    0x08000206   0x08000206   0x00000000   Code   RO         5265    .ARM.Collect$$libshutdown$$00000011  c_w.l(libshutdown2.o)
    0x08000206   0x08000206   0x00000002   Code   RO         5266    .ARM.Collect$$libshutdown$$00000012  c_w.l(libshutdown2.o)
    0x08000208   0x08000208   0x00000000   Code   RO         5100    .ARM.Collect$$rtentry$$00000000  c_w.l(__rtentry.o)
    0x08000208   0x08000208   0x00000000   Code   RO         5108    .ARM.Collect$$rtentry$$00000002  c_w.l(__rtentry2.o)
    0x08000208   0x08000208   0x00000006   Code   RO         5120    .ARM.Collect$$rtentry$$00000004  c_w.l(__rtentry4.o)
    0x0800020e   0x0800020e   0x00000000   Code   RO         5110    .ARM.Collect$$rtentry$$00000009  c_w.l(__rtentry2.o)
    0x0800020e   0x0800020e   0x00000004   Code   RO         5111    .ARM.Collect$$rtentry$$0000000A  c_w.l(__rtentry2.o)
    0x08000212   0x08000212   0x00000000   Code   RO         5113    .ARM.Collect$$rtentry$$0000000C  c_w.l(__rtentry2.o)
    0x08000212   0x08000212   0x00000008   Code   RO         5114    .ARM.Collect$$rtentry$$0000000D  c_w.l(__rtentry2.o)
    0x0800021a   0x0800021a   0x00000002   Code   RO         5141    .ARM.Collect$$rtexit$$00000000  c_w.l(rtexit.o)
    0x0800021c   0x0800021c   0x00000000   Code   RO         5197    .ARM.Collect$$rtexit$$00000002  c_w.l(rtexit2.o)
    0x0800021c   0x0800021c   0x00000004   Code   RO         5198    .ARM.Collect$$rtexit$$00000003  c_w.l(rtexit2.o)
    0x08000220   0x08000220   0x00000006   Code   RO         5199    .ARM.Collect$$rtexit$$00000004  c_w.l(rtexit2.o)
    0x08000226   0x08000226   0x00000002   PAD
    0x08000228   0x08000228   0x000000be   Code   RO         4887    .emb_text           port.o
    0x080002e6   0x080002e6   0x00000002   PAD
    0x080002e8   0x080002e8   0x00000040   Code   RO            4    .text               startup_stm32f405xx.o
    0x08000328   0x08000328   0x000000ee   Code   RO         5084    .text               c_w.l(lludivv7m.o)
    0x08000416   0x08000416   0x0000008a   Code   RO         5086    .text               c_w.l(rt_memcpy_v6.o)
    0x080004a0   0x080004a0   0x00000010   Code   RO         5090    .text               c_w.l(aeabi_memset.o)
    0x080004b0   0x080004b0   0x00000044   Code   RO         5092    .text               c_w.l(rt_memclr.o)
    0x080004f4   0x080004f4   0x0000004e   Code   RO         5094    .text               c_w.l(rt_memclr_w.o)
    0x08000542   0x08000542   0x00000006   Code   RO         5096    .text               c_w.l(heapauxi.o)
    0x08000548   0x08000548   0x00000064   Code   RO         5105    .text               c_w.l(rt_memcpy_w.o)
    0x080005ac   0x080005ac   0x0000004a   Code   RO         5124    .text               c_w.l(sys_stackheap_outer.o)
    0x080005f6   0x080005f6   0x00000012   Code   RO         5126    .text               c_w.l(exit.o)
    0x08000608   0x08000608   0x00000008   Code   RO         5138    .text               c_w.l(libspace.o)
    0x08000610   0x08000610   0x0000000c   Code   RO         5194    .text               c_w.l(sys_exit.o)
    0x0800061c   0x0800061c   0x00000002   Code   RO         5213    .text               c_w.l(use_no_semi.o)
    0x0800061e   0x0800061e   0x00000000   Code   RO         5215    .text               c_w.l(indicate_semi.o)
    0x0800061e   0x0800061e   0x00000004   Code   RO          419    i.BusFault_Handler  stm32f4xx_it.o
    0x08000622   0x08000622   0x00000002   PAD
    0x08000624   0x08000624   0x00000010   Code   RO          420    i.DMA2_Stream2_IRQHandler  stm32f4xx_it.o
    0x08000634   0x08000634   0x00000010   Code   RO          421    i.DMA2_Stream7_IRQHandler  stm32f4xx_it.o
    0x08000644   0x08000644   0x00000034   Code   RO         2052    i.DMA_CalcBaseAndBitshift  stm32f4xx_hal_dma.o
    0x08000678   0x08000678   0x000000aa   Code   RO         2053    i.DMA_CheckFifoParam  stm32f4xx_hal_dma.o
    0x08000722   0x08000722   0x0000002c   Code   RO         2054    i.DMA_SetConfig     stm32f4xx_hal_dma.o
    0x0800074e   0x0800074e   0x00000002   Code   RO          422    i.DebugMon_Handler  stm32f4xx_it.o
    0x08000750   0x08000750   0x00000006   Code   RO           13    i.Error_Handler     main.o
    0x08000756   0x08000756   0x000000ac   Code   RO         2055    i.HAL_DMA_Abort     stm32f4xx_hal_dma.o
    0x08000802   0x08000802   0x00000028   Code   RO         2056    i.HAL_DMA_Abort_IT  stm32f4xx_hal_dma.o
    0x0800082a   0x0800082a   0x00000002   PAD
    0x0800082c   0x0800082c   0x00000240   Code   RO         2060    i.HAL_DMA_IRQHandler  stm32f4xx_hal_dma.o
    0x08000a6c   0x08000a6c   0x000000ec   Code   RO         2061    i.HAL_DMA_Init      stm32f4xx_hal_dma.o
    0x08000b58   0x08000b58   0x00000092   Code   RO         2065    i.HAL_DMA_Start_IT  stm32f4xx_hal_dma.o
    0x08000bea   0x08000bea   0x00000002   PAD
    0x08000bec   0x08000bec   0x000001f4   Code   RO         1948    i.HAL_GPIO_Init     stm32f4xx_hal_gpio.o
    0x08000de0   0x08000de0   0x0000000c   Code   RO         1952    i.HAL_GPIO_WritePin  stm32f4xx_hal_gpio.o
    0x08000dec   0x08000dec   0x0000000c   Code   RO         2503    i.HAL_GetTick       stm32f4xx_hal.o
    0x08000df8   0x08000df8   0x00000018   Code   RO         2509    i.HAL_IncTick       stm32f4xx_hal.o
    0x08000e10   0x08000e10   0x0000003c   Code   RO         2510    i.HAL_Init          stm32f4xx_hal.o
    0x08000e4c   0x08000e4c   0x000000b4   Code   RO          525    i.HAL_InitTick      stm32f4xx_hal_timebase_tim.o
    0x08000f00   0x08000f00   0x00000054   Code   RO          501    i.HAL_MspInit       stm32f4xx_hal_msp.o
    0x08000f54   0x08000f54   0x00000028   Code   RO         2340    i.HAL_NVIC_EnableIRQ  stm32f4xx_hal_cortex.o
    0x08000f7c   0x08000f7c   0x0000007c   Code   RO         2346    i.HAL_NVIC_SetPriority  stm32f4xx_hal_cortex.o
    0x08000ff8   0x08000ff8   0x00000028   Code   RO         2347    i.HAL_NVIC_SetPriorityGrouping  stm32f4xx_hal_cortex.o
    0x08001020   0x08001020   0x00000184   Code   RO         1549    i.HAL_RCC_ClockConfig  stm32f4xx_hal_rcc.o
    0x080011a4   0x080011a4   0x00000044   Code   RO         1553    i.HAL_RCC_GetClockConfig  stm32f4xx_hal_rcc.o
    0x080011e8   0x080011e8   0x0000000c   Code   RO         1554    i.HAL_RCC_GetHCLKFreq  stm32f4xx_hal_rcc.o
    0x080011f4   0x080011f4   0x00000020   Code   RO         1556    i.HAL_RCC_GetPCLK1Freq  stm32f4xx_hal_rcc.o
    0x08001214   0x08001214   0x00000020   Code   RO         1557    i.HAL_RCC_GetPCLK2Freq  stm32f4xx_hal_rcc.o
    0x08001234   0x08001234   0x000000b0   Code   RO         1558    i.HAL_RCC_GetSysClockFreq  stm32f4xx_hal_rcc.o
    0x080012e4   0x080012e4   0x0000049c   Code   RO         1561    i.HAL_RCC_OscConfig  stm32f4xx_hal_rcc.o
    0x08001780   0x08001780   0x00000002   Code   RO         1281    i.HAL_TIMEx_BreakCallback  stm32f4xx_hal_tim_ex.o
    0x08001782   0x08001782   0x00000002   Code   RO         1282    i.HAL_TIMEx_CommutCallback  stm32f4xx_hal_tim_ex.o
    0x08001784   0x08001784   0x000000b4   Code   RO         1300    i.HAL_TIMEx_MasterConfigSynchronization  stm32f4xx_hal_tim_ex.o
    0x08001838   0x08001838   0x00000066   Code   RO          566    i.HAL_TIM_Base_Init  stm32f4xx_hal_tim.o
    0x0800189e   0x0800189e   0x00000002   PAD
    0x080018a0   0x080018a0   0x00000060   Code   RO          323    i.HAL_TIM_Base_MspInit  tim.o
    0x08001900   0x08001900   0x000000a8   Code   RO          571    i.HAL_TIM_Base_Start_IT  stm32f4xx_hal_tim.o
    0x080019a8   0x080019a8   0x0000010c   Code   RO          575    i.HAL_TIM_ConfigClockSource  stm32f4xx_hal_tim.o
    0x08001ab4   0x08001ab4   0x00000002   Code   RO          600    i.HAL_TIM_IC_CaptureCallback  stm32f4xx_hal_tim.o
    0x08001ab6   0x08001ab6   0x0000016c   Code   RO          614    i.HAL_TIM_IRQHandler  stm32f4xx_hal_tim.o
    0x08001c22   0x08001c22   0x00000002   PAD
    0x08001c24   0x08001c24   0x000000e4   Code   RO          324    i.HAL_TIM_MspPostInit  tim.o
    0x08001d08   0x08001d08   0x00000002   Code   RO          617    i.HAL_TIM_OC_DelayElapsedCallback  stm32f4xx_hal_tim.o
    0x08001d0a   0x08001d0a   0x00000104   Code   RO          638    i.HAL_TIM_PWM_ConfigChannel  stm32f4xx_hal_tim.o
    0x08001e0e   0x08001e0e   0x00000066   Code   RO          641    i.HAL_TIM_PWM_Init  stm32f4xx_hal_tim.o
    0x08001e74   0x08001e74   0x00000002   Code   RO          643    i.HAL_TIM_PWM_MspInit  stm32f4xx_hal_tim.o
    0x08001e76   0x08001e76   0x00000002   Code   RO          644    i.HAL_TIM_PWM_PulseFinishedCallback  stm32f4xx_hal_tim.o
    0x08001e78   0x08001e78   0x0000010c   Code   RO          646    i.HAL_TIM_PWM_Start  stm32f4xx_hal_tim.o
    0x08001f84   0x08001f84   0x000000a8   Code   RO          649    i.HAL_TIM_PWM_Stop  stm32f4xx_hal_tim.o
    0x0800202c   0x0800202c   0x00000018   Code   RO           14    i.HAL_TIM_PeriodElapsedCallback  main.o
    0x08002044   0x08002044   0x00000002   Code   RO          657    i.HAL_TIM_TriggerCallback  stm32f4xx_hal_tim.o
    0x08002046   0x08002046   0x00000002   Code   RO         2760    i.HAL_UARTEx_RxEventCallback  stm32f4xx_hal_uart.o
    0x08002048   0x08002048   0x00000002   Code   RO         2774    i.HAL_UART_ErrorCallback  stm32f4xx_hal_uart.o
    0x0800204a   0x0800204a   0x00000002   PAD
    0x0800204c   0x0800204c   0x00000308   Code   RO         2777    i.HAL_UART_IRQHandler  stm32f4xx_hal_uart.o
    0x08002354   0x08002354   0x00000076   Code   RO         2778    i.HAL_UART_Init     stm32f4xx_hal_uart.o
    0x080023ca   0x080023ca   0x00000002   PAD
    0x080023cc   0x080023cc   0x00000128   Code   RO          377    i.HAL_UART_MspInit  usart.o
    0x080024f4   0x080024f4   0x0000002c   Code   RO         2782    i.HAL_UART_Receive_DMA  stm32f4xx_hal_uart.o
    0x08002520   0x08002520   0x00000002   Code   RO         2784    i.HAL_UART_RxCpltCallback  stm32f4xx_hal_uart.o
    0x08002522   0x08002522   0x00000002   PAD
    0x08002524   0x08002524   0x00000018   Code   RO         5039    i.HAL_UART_RxHalfCpltCallback  ax_ps2.o
    0x0800253c   0x0800253c   0x00000002   Code   RO         2789    i.HAL_UART_TxCpltCallback  stm32f4xx_hal_uart.o
    0x0800253e   0x0800253e   0x00000004   Code   RO          423    i.HardFault_Handler  stm32f4xx_it.o
    0x08002542   0x08002542   0x00000002   PAD
    0x08002544   0x08002544   0x00000048   Code   RO          298    i.MX_DMA_Init       dma.o
    0x0800258c   0x0800258c   0x00000054   Code   RO          239    i.MX_FREERTOS_Init  freertos.o
    0x080025e0   0x080025e0   0x000000cc   Code   RO          215    i.MX_GPIO_Init      gpio.o
    0x080026ac   0x080026ac   0x000000d4   Code   RO          325    i.MX_TIM3_Init      tim.o
    0x08002780   0x08002780   0x000000d4   Code   RO          326    i.MX_TIM5_Init      tim.o
    0x08002854   0x08002854   0x00000058   Code   RO          378    i.MX_USART1_UART_Init  usart.o
    0x080028ac   0x080028ac   0x00000004   Code   RO          424    i.MemManage_Handler  stm32f4xx_it.o
    0x080028b0   0x080028b0   0x000000b8   Code   RO         4967    i.Motor_contrl      motorcontrl.o
    0x08002968   0x08002968   0x00000024   Code   RO         4968    i.Motor_init        motorcontrl.o
    0x0800298c   0x0800298c   0x00000004   Code   RO          425    i.NMI_Handler       stm32f4xx_it.o
    0x08002990   0x08002990   0x00000090   Code   RO         4969    i.Set_PWM           motorcontrl.o
    0x08002a20   0x08002a20   0x0000000a   Code   RO          240    i.StartDefaultTask  freertos.o
    0x08002a2a   0x08002a2a   0x00000026   Code   RO         4970    i.Start_PWM         motorcontrl.o
    0x08002a50   0x08002a50   0x00000026   Code   RO         4971    i.Stop_PWM          motorcontrl.o
    0x08002a76   0x08002a76   0x00000016   Code   RO         4302    i.SysTick_Handler   cmsis_os2.o
    0x08002a8c   0x08002a8c   0x00000098   Code   RO           15    i.SystemClock_Config  main.o
    0x08002b24   0x08002b24   0x00000014   Code   RO         3122    i.SystemInit        system_stm32f4xx.o
    0x08002b38   0x08002b38   0x00000010   Code   RO          426    i.TIM8_TRG_COM_TIM14_IRQHandler  stm32f4xx_it.o
    0x08002b48   0x08002b48   0x000000e0   Code   RO          659    i.TIM_Base_SetConfig  stm32f4xx_hal_tim.o
    0x08002c28   0x08002c28   0x00000022   Code   RO          660    i.TIM_CCxChannelCmd  stm32f4xx_hal_tim.o
    0x08002c4a   0x08002c4a   0x00000016   Code   RO          670    i.TIM_ETR_SetConfig  stm32f4xx_hal_tim.o
    0x08002c60   0x08002c60   0x00000012   Code   RO          671    i.TIM_ITRx_SetConfig  stm32f4xx_hal_tim.o
    0x08002c72   0x08002c72   0x00000002   PAD
    0x08002c74   0x08002c74   0x00000070   Code   RO          672    i.TIM_OC1_SetConfig  stm32f4xx_hal_tim.o
    0x08002ce4   0x08002ce4   0x0000007c   Code   RO          673    i.TIM_OC2_SetConfig  stm32f4xx_hal_tim.o
    0x08002d60   0x08002d60   0x00000078   Code   RO          674    i.TIM_OC3_SetConfig  stm32f4xx_hal_tim.o
    0x08002dd8   0x08002dd8   0x00000054   Code   RO          675    i.TIM_OC4_SetConfig  stm32f4xx_hal_tim.o
    0x08002e2c   0x08002e2c   0x00000026   Code   RO          677    i.TIM_TI1_ConfigInputStage  stm32f4xx_hal_tim.o
    0x08002e52   0x08002e52   0x00000028   Code   RO          679    i.TIM_TI2_ConfigInputStage  stm32f4xx_hal_tim.o
    0x08002e7a   0x08002e7a   0x00000012   Code   RO         2791    i.UART_DMAAbortOnError  stm32f4xx_hal_uart.o
    0x08002e8c   0x08002e8c   0x00000050   Code   RO         2792    i.UART_DMAError     stm32f4xx_hal_uart.o
    0x08002edc   0x08002edc   0x000000b4   Code   RO         2793    i.UART_DMAReceiveCplt  stm32f4xx_hal_uart.o
    0x08002f90   0x08002f90   0x00000024   Code   RO         2795    i.UART_DMARxHalfCplt  stm32f4xx_hal_uart.o
    0x08002fb4   0x08002fb4   0x0000006c   Code   RO         2801    i.UART_EndRxTransfer  stm32f4xx_hal_uart.o
    0x08003020   0x08003020   0x00000020   Code   RO         2802    i.UART_EndTransmit_IT  stm32f4xx_hal_uart.o
    0x08003040   0x08003040   0x00000026   Code   RO         2803    i.UART_EndTxTransfer  stm32f4xx_hal_uart.o
    0x08003066   0x08003066   0x000000fc   Code   RO         2804    i.UART_Receive_IT   stm32f4xx_hal_uart.o
    0x08003162   0x08003162   0x00000002   PAD
    0x08003164   0x08003164   0x0000022c   Code   RO         2805    i.UART_SetConfig    stm32f4xx_hal_uart.o
    0x08003390   0x08003390   0x000000d8   Code   RO         2806    i.UART_Start_Receive_DMA  stm32f4xx_hal_uart.o
    0x08003468   0x08003468   0x00000060   Code   RO         2808    i.UART_Transmit_IT  stm32f4xx_hal_uart.o
    0x080034c8   0x080034c8   0x00000010   Code   RO          427    i.USART1_IRQHandler  stm32f4xx_it.o
    0x080034d8   0x080034d8   0x00000004   Code   RO          428    i.UsageFault_Handler  stm32f4xx_it.o
    0x080034dc   0x080034dc   0x00000010   Code   RO         2353    i.__NVIC_GetPriorityGrouping  stm32f4xx_hal_cortex.o
    0x080034ec   0x080034ec   0x00000028   Code   RO         2354    i.__NVIC_SetPriority  stm32f4xx_hal_cortex.o
    0x08003514   0x08003514   0x00000006   Code   RO         4304    i.__get_IPSR        cmsis_os2.o
    0x0800351a   0x0800351a   0x00000002   PAD
    0x0800351c   0x0800351c   0x0000002c   Code   RO         4972    i.fof_update        motorcontrl.o
    0x08003548   0x08003548   0x00000030   Code   RO           16    i.main              main.o
    0x08003578   0x08003578   0x0000001c   Code   RO          241    i.motor_move_entry  freertos.o
    0x08003594   0x08003594   0x000000e0   Code   RO         4973    i.omni_wheel_inverse_kinematics  motorcontrl.o
    0x08003674   0x08003674   0x0000001e   Code   RO         4305    i.osDelay           cmsis_os2.o
    0x08003692   0x08003692   0x00000002   PAD
    0x08003694   0x08003694   0x0000002c   Code   RO         4319    i.osKernelInitialize  cmsis_os2.o
    0x080036c0   0x080036c0   0x00000060   Code   RO         4322    i.osKernelStart     cmsis_os2.o
    0x08003720   0x08003720   0x000000b8   Code   RO         4364    i.osThreadNew       cmsis_os2.o
    0x080037d8   0x080037d8   0x00000060   Code   RO         5040    i.parse_joystick_data  ax_ps2.o
    0x08003838   0x08003838   0x0000007c   Code   RO         3739    i.prvAddCurrentTaskToDelayedList  tasks.o
    0x080038b4   0x080038b4   0x000000b8   Code   RO         3740    i.prvAddNewTaskToReadyList  tasks.o
    0x0800396c   0x0800396c   0x00000074   Code   RO         4115    i.prvCheckForValidListAndQueue  timers.o
    0x080039e0   0x080039e0   0x00000048   Code   RO         3741    i.prvCheckTasksWaitingTermination  tasks.o
    0x08003a28   0x08003a28   0x0000002a   Code   RO         3326    i.prvCopyDataFromQueue  queue.o
    0x08003a52   0x08003a52   0x0000007e   Code   RO         3327    i.prvCopyDataToQueue  queue.o
    0x08003ad0   0x08003ad0   0x00000050   Code   RO         3742    i.prvDeleteTCB      tasks.o
    0x08003b20   0x08003b20   0x00000028   Code   RO         4116    i.prvGetNextExpireTime  timers.o
    0x08003b48   0x08003b48   0x0000007c   Code   RO         4832    i.prvHeapInit       heap_4.o
    0x08003bc4   0x08003bc4   0x00000028   Code   RO         3743    i.prvIdleTask       tasks.o
    0x08003bec   0x08003bec   0x0000002a   Code   RO         3330    i.prvInitialiseNewQueue  queue.o
    0x08003c16   0x08003c16   0x000000be   Code   RO         3744    i.prvInitialiseNewTask  tasks.o
    0x08003cd4   0x08003cd4   0x00000068   Code   RO         3745    i.prvInitialiseTaskLists  tasks.o
    0x08003d3c   0x08003d3c   0x00000068   Code   RO         4833    i.prvInsertBlockIntoFreeList  heap_4.o
    0x08003da4   0x08003da4   0x00000058   Code   RO         4118    i.prvInsertTimerInActiveList  timers.o
    0x08003dfc   0x08003dfc   0x0000001a   Code   RO         3331    i.prvIsQueueEmpty   queue.o
    0x08003e16   0x08003e16   0x0000001e   Code   RO         3332    i.prvIsQueueFull    queue.o
    0x08003e34   0x08003e34   0x00000074   Code   RO         4119    i.prvProcessExpiredTimer  timers.o
    0x08003ea8   0x08003ea8   0x00000164   Code   RO         4120    i.prvProcessReceivedCommands  timers.o
    0x0800400c   0x0800400c   0x00000074   Code   RO         4121    i.prvProcessTimerOrBlockTask  timers.o
    0x08004080   0x08004080   0x00000034   Code   RO         3747    i.prvResetNextTaskUnblockTime  tasks.o
    0x080040b4   0x080040b4   0x0000002c   Code   RO         4122    i.prvSampleTimeNow  timers.o
    0x080040e0   0x080040e0   0x000000a4   Code   RO         4123    i.prvSwitchTimerLists  timers.o
    0x08004184   0x08004184   0x00000040   Code   RO         4888    i.prvTaskExitError  port.o
    0x080041c4   0x080041c4   0x0000001a   Code   RO         4124    i.prvTimerTask      timers.o
    0x080041de   0x080041de   0x0000007e   Code   RO         3333    i.prvUnlockQueue    queue.o
    0x0800425c   0x0800425c   0x0000014c   Code   RO         4834    i.pvPortMalloc      heap_4.o
    0x080043a8   0x080043a8   0x0000002c   Code   RO         4889    i.pxPortInitialiseStack  port.o
    0x080043d4   0x080043d4   0x00000044   Code   RO          242    i.remote_control_entry  freertos.o
    0x08004418   0x08004418   0x00000028   Code   RO         3286    i.uxListRemove      list.o
    0x08004440   0x08004440   0x00000018   Code   RO         4376    i.vApplicationGetIdleTaskMemory  cmsis_os2.o
    0x08004458   0x08004458   0x00000018   Code   RO         4377    i.vApplicationGetTimerTaskMemory  cmsis_os2.o
    0x08004470   0x08004470   0x0000001a   Code   RO         3287    i.vListInitialise   list.o
    0x0800448a   0x0800448a   0x00000006   Code   RO         3288    i.vListInitialiseItem  list.o
    0x08004490   0x08004490   0x00000034   Code   RO         3289    i.vListInsert       list.o
    0x080044c4   0x080044c4   0x00000018   Code   RO         3290    i.vListInsertEnd    list.o
    0x080044dc   0x080044dc   0x00000054   Code   RO         4891    i.vPortEnterCritical  port.o
    0x08004530   0x08004530   0x0000003c   Code   RO         4892    i.vPortExitCritical  port.o
    0x0800456c   0x0800456c   0x000000a4   Code   RO         4835    i.vPortFree         heap_4.o
    0x08004610   0x08004610   0x00000028   Code   RO         4893    i.vPortSetupTimerInterrupt  port.o
    0x08004638   0x08004638   0x00000078   Code   RO         4894    i.vPortValidateInterruptPriority  port.o
    0x080046b0   0x080046b0   0x0000002c   Code   RO         3339    i.vQueueAddToRegistry  queue.o
    0x080046dc   0x080046dc   0x0000004a   Code   RO         3343    i.vQueueWaitForMessageRestricted  queue.o
    0x08004726   0x08004726   0x00000002   PAD
    0x08004728   0x08004728   0x0000005c   Code   RO         3760    i.vTaskDelay        tasks.o
    0x08004784   0x08004784   0x00000018   Code   RO         3765    i.vTaskInternalSetTimeOutState  tasks.o
    0x0800479c   0x0800479c   0x0000000c   Code   RO         3766    i.vTaskMissedYield  tasks.o
    0x080047a8   0x080047a8   0x00000038   Code   RO         3768    i.vTaskPlaceOnEventList  tasks.o
    0x080047e0   0x080047e0   0x00000040   Code   RO         3769    i.vTaskPlaceOnEventListRestricted  tasks.o
    0x08004820   0x08004820   0x000000b8   Code   RO         3777    i.vTaskStartScheduler  tasks.o
    0x080048d8   0x080048d8   0x00000010   Code   RO         3779    i.vTaskSuspendAll   tasks.o
    0x080048e8   0x080048e8   0x00000090   Code   RO         3780    i.vTaskSwitchContext  tasks.o
    0x08004978   0x08004978   0x00000168   Code   RO         4895    i.xPortStartScheduler  port.o
    0x08004ae0   0x08004ae0   0x00000034   Code   RO         4896    i.xPortSysTickHandler  port.o
    0x08004b14   0x08004b14   0x000000e0   Code   RO         3349    i.xQueueGenericCreateStatic  queue.o
    0x08004bf4   0x08004bf4   0x00000098   Code   RO         3350    i.xQueueGenericReset  queue.o
    0x08004c8c   0x08004c8c   0x000001a8   Code   RO         3351    i.xQueueGenericSend  queue.o
    0x08004e34   0x08004e34   0x000000fc   Code   RO         3352    i.xQueueGenericSendFromISR  queue.o
    0x08004f30   0x08004f30   0x00000168   Code   RO         3361    i.xQueueReceive     queue.o
    0x08005098   0x08005098   0x0000008c   Code   RO         3782    i.xTaskCheckForTimeOut  tasks.o
    0x08005124   0x08005124   0x00000064   Code   RO         3783    i.xTaskCreate       tasks.o
    0x08005188   0x08005188   0x000000ba   Code   RO         3784    i.xTaskCreateStatic  tasks.o
    0x08005242   0x08005242   0x00000002   PAD
    0x08005244   0x08005244   0x00000020   Code   RO         3788    i.xTaskGetSchedulerState  tasks.o
    0x08005264   0x08005264   0x0000000c   Code   RO         3789    i.xTaskGetTickCount  tasks.o
    0x08005270   0x08005270   0x00000144   Code   RO         3791    i.xTaskIncrementTick  tasks.o
    0x080053b4   0x080053b4   0x000000a4   Code   RO         3794    i.xTaskPriorityDisinherit  tasks.o
    0x08005458   0x08005458   0x00000098   Code   RO         3796    i.xTaskRemoveFromEventList  tasks.o
    0x080054f0   0x080054f0   0x00000104   Code   RO         3797    i.xTaskResumeAll    tasks.o
    0x080055f4   0x080055f4   0x00000078   Code   RO         4133    i.xTimerCreateTimerTask  timers.o
    0x0800566c   0x0800566c   0x00000084   Code   RO         4134    i.xTimerGenericCommand  timers.o
    0x080056f0   0x080056f0   0x0000000a   Code   RO         5209    x$fpl$fpinit        fz_wm.l(fpinit.o)
    0x080056fa   0x080056fa   0x00000002   PAD
    0x080056fc   0x080056fc   0x0000006c   Data   RO          243    .constdata          freertos.o
    0x08005768   0x08005768   0x00000008   Data   RO         2067    .constdata          stm32f4xx_hal_dma.o
    0x08005770   0x08005770   0x00000018   Data   RO         3123    .constdata          system_stm32f4xx.o
    0x08005788   0x08005788   0x00000024   Data   RO         4975    .constdata          motorcontrl.o
    0x080057ac   0x080057ac   0x00000027   Data   RO          244    .conststring        freertos.o
    0x080057d3   0x080057d3   0x00000001   PAD
    0x080057d4   0x080057d4   0x00000020   Data   RO         5267    Region$$Table       anon$$obj.o


    Execution Region RW_IRAM1 (Exec base: 0x20000000, Load base: 0x080057f4, Size: 0x00005238, Max: 0x0001c000, ABSOLUTE)

    Exec Addr    Load Addr    Size         Type   Attr      Idx    E Section Name        Object

    0x20000000   0x080057f4   0x00000014   Data   RW          245    .data               freertos.o
    0x20000014   0x08005808   0x00000003   Data   RW          380    .data               usart.o
    0x20000017   0x0800580b   0x00000001   PAD
    0x20000018   0x0800580c   0x00000009   Data   RW         2517    .data               stm32f4xx_hal.o
    0x20000021   0x08005815   0x00000003   PAD
    0x20000024   0x08005818   0x00000004   Data   RW         3124    .data               system_stm32f4xx.o
    0x20000028   0x0800581c   0x0000003c   Data   RW         3800    .data               tasks.o
    0x20000064   0x08005858   0x00000014   Data   RW         4142    .data               timers.o
    0x20000078   0x0800586c   0x00000004   Data   RW         4379    .data               cmsis_os2.o
    0x2000007c   0x08005870   0x00000020   Data   RW         4841    .data               heap_4.o
    0x2000009c   0x08005890   0x0000000c   Data   RW         4897    .data               port.o
    0x200000a8        -       0x00000090   Zero   RW          327    .bss                tim.o
    0x20000138        -       0x00000148   Zero   RW          379    .bss                usart.o
    0x20000280        -       0x00000048   Zero   RW          528    .bss                stm32f4xx_hal_timebase_tim.o
    0x200002c8        -       0x00000040   Zero   RW         3365    .bss                queue.o
    0x20000308        -       0x000004c4   Zero   RW         3799    .bss                tasks.o
    0x200007cc        -       0x00000118   Zero   RW         4141    .bss                timers.o
    0x200008e4        -       0x000006b8   Zero   RW         4378    .bss                cmsis_os2.o
    0x20000f9c        -       0x00003c00   Zero   RW         4840    .bss                heap_4.o
    0x20004b9c        -       0x0000003c   Zero   RW         4974    .bss                motorcontrl.o
    0x20004bd8        -       0x00000060   Zero   RW         5139    .bss                c_w.l(libspace.o)
    0x20004c38        -       0x00000200   Zero   RW            2    HEAP                startup_stm32f405xx.o
    0x20004e38        -       0x00000400   Zero   RW            1    STACK               startup_stm32f405xx.o


    Execution Region RW_IRAM2 (Exec base: 0x2001c000, Load base: 0x0800589c, Size: 0x00000000, Max: 0x00004000, ABSOLUTE)

    **** No section assigned to this execution region ****


==============================================================================

Image component sizes


      Code (inc. data)   RO Data    RW Data    ZI Data      Debug   Object Name

       120          8          0          0          0       2501   ax_ps2.o
       430         38          0          4       1720      64923   cmsis_os2.o
        72          4          0          0          0        758   dma.o
         0          0          0          0          0      19420   event_groups.o
       190         58        147         20          0       4146   freertos.o
       204         12          0          0          0        951   gpio.o
       724         74          0         32      15360       4831   heap_4.o
       148          0          0          0          0       3530   list.o
       230         14          0          0          0     655288   main.o
       708         52         36          0         60       5462   motorcontrl.o
      1014         92          0         12          0      11613   port.o
      1922         20          0          0         64      17292   queue.o
        64         26        392          0       1536        836   startup_stm32f405xx.o
        96         20          0          9          0       8038   stm32f4xx_hal.o
       260         22          0          0          0      33518   stm32f4xx_hal_cortex.o
      1436         16          8          0          0       6966   stm32f4xx_hal_dma.o
       512         46          0          0          0       2092   stm32f4xx_hal_gpio.o
        84          6          0          0          0        846   stm32f4xx_hal_msp.o
      1888         94          0          0          0       6229   stm32f4xx_hal_rcc.o
      2526        150          0          0          0      17139   stm32f4xx_hal_tim.o
       184         30          0          0          0       2501   stm32f4xx_hal_tim_ex.o
       180         20          0          0         72       1456   stm32f4xx_hal_timebase_tim.o
      2558         28          0          0          0      14040   stm32f4xx_hal_uart.o
        86         24          0          0          0       4777   stm32f4xx_it.o
         0          0          0          0          0        392   stream_buffer.o
        20          6         24          4          0       1111   system_stm32f4xx.o
      2808        346          0         60       1220      27254   tasks.o
       748         48          0          0        144       3333   tim.o
      1318        124          0         20        280      32735   timers.o
       384         40          0          3        328       2047   usart.o

    ----------------------------------------------------------------------
     20946       1418        640        168      20784     956025   Object Totals
         0          0         32          0          0          0   (incl. Generated)
        32          0          1          4          0          0   (incl. Padding)

    ----------------------------------------------------------------------

      Code (inc. data)   RO Data    RW Data    ZI Data      Debug   Library Member Name

         8          0          0          0          0         68   __main.o
         0          0          0          0          0          0   __rtentry.o
        12          0          0          0          0          0   __rtentry2.o
         6          0          0          0          0          0   __rtentry4.o
        52          8          0          0          0          0   __scatter.o
        26          0          0          0          0          0   __scatter_copy.o
        28          0          0          0          0          0   __scatter_zi.o
        16          0          0          0          0         68   aeabi_memset.o
        18          0          0          0          0         80   exit.o
         6          0          0          0          0        152   heapauxi.o
         0          0          0          0          0          0   indicate_semi.o
         2          0          0          0          0          0   libinit.o
         6          0          0          0          0          0   libinit2.o
         2          0          0          0          0          0   libshutdown.o
         2          0          0          0          0          0   libshutdown2.o
         8          4          0          0         96         68   libspace.o
       238          0          0          0          0        100   lludivv7m.o
        68          0          0          0          0         68   rt_memclr.o
        78          0          0          0          0         80   rt_memclr_w.o
       138          0          0          0          0         68   rt_memcpy_v6.o
       100          0          0          0          0         80   rt_memcpy_w.o
         2          0          0          0          0          0   rtexit.o
        10          0          0          0          0          0   rtexit2.o
        12          4          0          0          0         68   sys_exit.o
        74          0          0          0          0         80   sys_stackheap_outer.o
         2          0          0          0          0         68   use_no_semi.o
        10          0          0          0          0        116   fpinit.o

    ----------------------------------------------------------------------
       930         16          0          0         96       1164   Library Totals
         6          0          0          0          0          0   (incl. Padding)

    ----------------------------------------------------------------------

      Code (inc. data)   RO Data    RW Data    ZI Data      Debug   Library Name

       914         16          0          0         96       1048   c_w.l
        10          0          0          0          0        116   fz_wm.l

    ----------------------------------------------------------------------
       930         16          0          0         96       1164   Library Totals

    ----------------------------------------------------------------------

==============================================================================


      Code (inc. data)   RO Data    RW Data    ZI Data      Debug   

     21876       1434        640        168      20880     939421   Grand Totals
     21876       1434        640        168      20880     939421   ELF Image Totals
     21876       1434        640        168          0          0   ROM Totals

==============================================================================

    Total RO  Size (Code + RO Data)                22516 (  21.99kB)
    Total RW  Size (RW Data + ZI Data)             21048 (  20.55kB)
    Total ROM Size (Code + RO Data + RW Data)      22684 (  22.15kB)

==============================================================================

